

================================================================
== Vivado HLS Report for 'DoCompute_Block_pro_4'
================================================================
* Date:           Sat Apr 25 13:04:11 2020

* Version:        2019.2 (Build 2704478 on Wed Nov 06 22:10:23 MST 2019)
* Project:        cnvW1A1-pynqZ1-Z2
* Solution:       sol1
* Product family: zynq
* Target device:  xc7z020-clg400-1


================================================================
== Performance Estimates
================================================================
+ Timing: 
    * Summary: 
    +--------+---------+----------+------------+
    |  Clock |  Target | Estimated| Uncertainty|
    +--------+---------+----------+------------+
    |ap_clk  | 5.00 ns | 3.950 ns |   0.62 ns  |
    +--------+---------+----------+------------+

+ Latency: 
    * Summary: 
    +---------+---------+-----------+-----------+-----+-----+---------+
    |  Latency (cycles) |   Latency (absolute)  |  Interval | Pipeline|
    |   min   |   max   |    min    |    max    | min | max |   Type  |
    +---------+---------+-----------+-----------+-----+-----+---------+
    |        6|        6| 30.000 ns | 30.000 ns |    6|    6|   none  |
    +---------+---------+-----------+-----------+-----+-----+---------+

    + Detail: 
        * Instance: 
        N/A

        * Loop: 
        N/A



================================================================
== Utilization Estimates
================================================================
* Summary: 
+-----------------+---------+-------+--------+-------+-----+
|       Name      | BRAM_18K| DSP48E|   FF   |  LUT  | URAM|
+-----------------+---------+-------+--------+-------+-----+
|DSP              |        -|      -|       -|      -|    -|
|Expression       |        -|      -|       0|      2|    -|
|FIFO             |        -|      -|       -|      -|    -|
|Instance         |        -|      2|     215|      1|    -|
|Memory           |        -|      -|       -|      -|    -|
|Multiplexer      |        -|      -|       -|     68|    -|
|Register         |        -|      -|      72|      -|    -|
+-----------------+---------+-------+--------+-------+-----+
|Total            |        0|      2|     287|     71|    0|
+-----------------+---------+-------+--------+-------+-----+
|Available        |      280|    220|  106400|  53200|    0|
+-----------------+---------+-------+--------+-------+-----+
|Utilization (%)  |        0|   ~0  |   ~0   |   ~0  |    0|
+-----------------+---------+-------+--------+-------+-----+

+ Detail: 
    * Instance: 
    +--------------------------+----------------------+---------+-------+-----+----+-----+
    |         Instance         |        Module        | BRAM_18K| DSP48E|  FF | LUT| URAM|
    +--------------------------+----------------------+---------+-------+-----+----+-----+
    |BlackBoxJam_mul_3g8j_U40  |BlackBoxJam_mul_3g8j  |        0|      2|  215|   1|    0|
    +--------------------------+----------------------+---------+-------+-----+----+-----+
    |Total                     |                      |        0|      2|  215|   1|    0|
    +--------------------------+----------------------+---------+-------+-----+----+-----+

    * DSP48E: 
    N/A

    * Memory: 
    N/A

    * FIFO: 
    N/A

    * Expression: 
    +-----------------+----------+-------+---+----+------------+------------+
    |  Variable Name  | Operation| DSP48E| FF| LUT| Bitwidth P0| Bitwidth P1|
    +-----------------+----------+-------+---+----+------------+------------+
    |ap_block_state1  |    or    |      0|  0|   2|           1|           1|
    +-----------------+----------+-------+---+----+------------+------------+
    |Total            |          |      0|  0|   2|           1|           1|
    +-----------------+----------+-------+---+----+------------+------------+

    * Multiplexer: 
    +-------------------------+----+-----------+-----+-----------+
    |           Name          | LUT| Input Size| Bits| Total Bits|
    +-------------------------+----+-----------+-----+-----------+
    |ap_NS_fsm                |  41|          8|    1|          8|
    |ap_done                  |   9|          2|    1|          2|
    |mul_ln120_out_out_blk_n  |   9|          2|    1|          2|
    |numReps_blk_n            |   9|          2|    1|          2|
    +-------------------------+----+-----------+-----+-----------+
    |Total                    |  68|         14|    4|         14|
    +-------------------------+----+-----------+-----+-----------+

    * Register: 
    +---------------------+----+----+-----+-----------+
    |         Name        | FF | LUT| Bits| Const Bits|
    +---------------------+----+----+-----+-----------+
    |ap_CS_fsm            |   7|   0|    7|          0|
    |ap_done_reg          |   1|   0|    1|          0|
    |mul_ln120_reg_47     |  32|   0|   32|          0|
    |numReps_read_reg_42  |  32|   0|   32|          0|
    +---------------------+----+----+-----+-----------+
    |Total                |  72|   0|   72|          0|
    +---------------------+----+----+-----+-----------+



================================================================
== Interface
================================================================
* Summary: 
+--------------------------+-----+-----+------------+------------------------+--------------+
|         RTL Ports        | Dir | Bits|  Protocol  |      Source Object     |    C Type    |
+--------------------------+-----+-----+------------+------------------------+--------------+
|ap_clk                    |  in |    1| ap_ctrl_hs | DoCompute_Block__pro.4 | return value |
|ap_rst                    |  in |    1| ap_ctrl_hs | DoCompute_Block__pro.4 | return value |
|ap_start                  |  in |    1| ap_ctrl_hs | DoCompute_Block__pro.4 | return value |
|ap_done                   | out |    1| ap_ctrl_hs | DoCompute_Block__pro.4 | return value |
|ap_continue               |  in |    1| ap_ctrl_hs | DoCompute_Block__pro.4 | return value |
|ap_idle                   | out |    1| ap_ctrl_hs | DoCompute_Block__pro.4 | return value |
|ap_ready                  | out |    1| ap_ctrl_hs | DoCompute_Block__pro.4 | return value |
|numReps_dout              |  in |   32|   ap_fifo  |         numReps        |    pointer   |
|numReps_empty_n           |  in |    1|   ap_fifo  |         numReps        |    pointer   |
|numReps_read              | out |    1|   ap_fifo  |         numReps        |    pointer   |
|mul_ln120_out_out_din     | out |   32|   ap_fifo  |    mul_ln120_out_out   |    pointer   |
|mul_ln120_out_out_full_n  |  in |    1|   ap_fifo  |    mul_ln120_out_out   |    pointer   |
|mul_ln120_out_out_write   | out |    1|   ap_fifo  |    mul_ln120_out_out   |    pointer   |
+--------------------------+-----+-----+------------+------------------------+--------------+

