

================================================================
== Vivado HLS Report for 'Matrix_Vector_Activa_7'
================================================================
* Date:           Sat Apr 25 13:06:16 2020

* Version:        2019.2 (Build 2704478 on Wed Nov 06 22:10:23 MST 2019)
* Project:        cnvW1A1-pynqZ1-Z2
* Solution:       sol1
* Product family: zynq
* Target device:  xc7z020-clg400-1


================================================================
== Performance Estimates
================================================================
+ Timing: 
    * Summary: 
    +--------+---------+----------+------------+
    |  Clock |  Target | Estimated| Uncertainty|
    +--------+---------+----------+------------+
    |ap_clk  | 5.00 ns | 6.981 ns |   0.62 ns  |
    +--------+---------+----------+------------+

+ Latency: 
    * Summary: 
    +---------+---------+----------+----------+-----+-----+---------+
    |  Latency (cycles) |  Latency (absolute) |  Interval | Pipeline|
    |   min   |   max   |    min   |    max   | min | max |   Type  |
    +---------+---------+----------+----------+-----+-----+---------+
    |        ?|        ?|         ?|         ?|    ?|    ?|   none  |
    +---------+---------+----------+----------+-----+-----+---------+

    + Detail: 
        * Instance: 
        N/A

        * Loop: 
        +----------+---------+---------+----------+-----------+-----------+------+----------+
        |          |  Latency (cycles) | Iteration|  Initiation Interval  | Trip |          |
        | Loop Name|   min   |   max   |  Latency |  achieved |   target  | Count| Pipelined|
        +----------+---------+---------+----------+-----------+-----------+------+----------+
        |- Loop 1  |        ?|        ?|         6|          1|          1|     ?|    yes   |
        +----------+---------+---------+----------+-----------+-----------+------+----------+



================================================================
== Utilization Estimates
================================================================
* Summary: 
+-----------------+---------+-------+--------+-------+-----+
|       Name      | BRAM_18K| DSP48E|   FF   |  LUT  | URAM|
+-----------------+---------+-------+--------+-------+-----+
|DSP              |        -|      -|       -|      -|    -|
|Expression       |        -|      -|       0|   2579|    -|
|FIFO             |        -|      -|       -|      -|    -|
|Instance         |        -|      -|    8838|   2697|    -|
|Memory           |        -|      -|       -|      -|    -|
|Multiplexer      |        -|      -|       -|    525|    -|
|Register         |        0|      -|    2150|     96|    -|
+-----------------+---------+-------+--------+-------+-----+
|Total            |        0|      0|   10988|   5897|    0|
+-----------------+---------+-------+--------+-------+-----+
|Available        |      280|    220|  106400|  53200|    0|
+-----------------+---------+-------+--------+-------+-----+
|Utilization (%)  |        0|      0|      10|     11|    0|
+-----------------+---------+-------+--------+-------+-----+

+ Detail: 
    * Instance: 
    +---------------------------+----------------------+---------+-------+------+------+-----+
    |          Instance         |        Module        | BRAM_18K| DSP48E|  FF  |  LUT | URAM|
    +---------------------------+----------------------+---------+-------+------+------+-----+
    |BlackBoxJam_mux_3DeQ_U319  |BlackBoxJam_mux_3DeQ  |        0|      0|  8838|  2697|    0|
    +---------------------------+----------------------+---------+-------+------+------+-----+
    |Total                      |                      |        0|      0|  8838|  2697|    0|
    +---------------------------+----------------------+---------+-------+------+------+-----+

    * DSP48E: 
    N/A

    * Memory: 
    N/A

    * FIFO: 
    N/A

    * Expression: 
    +----------------------------------+----------+-------+---+----+------------+------------+
    |           Variable Name          | Operation| DSP48E| FF| LUT| Bitwidth P0| Bitwidth P1|
    +----------------------------------+----------+-------+---+----+------------+------------+
    |accu_0_0_V_fu_5386_p2             |     +    |      0|  0|  16|          16|          16|
    |accu_0_1_V_fu_5429_p2             |     +    |      0|  0|  16|          16|          16|
    |accu_0_2_V_fu_5472_p2             |     +    |      0|  0|  16|          16|          16|
    |accu_0_3_V_fu_5515_p2             |     +    |      0|  0|  16|          16|          16|
    |add_ln122_fu_612_p2               |     +    |      0|  0|  39|          32|          32|
    |add_ln700_512_fu_4160_p2          |     +    |      0|  0|  10|           2|           2|
    |add_ln700_513_fu_4170_p2          |     +    |      0|  0|  16|          16|          16|
    |add_ln700_514_fu_2014_p2          |     +    |      0|  0|  10|           2|           2|
    |add_ln700_515_fu_2020_p2          |     +    |      0|  0|  10|           2|           2|
    |add_ln700_516_fu_4182_p2          |     +    |      0|  0|  12|           3|           3|
    |add_ln700_517_fu_4192_p2          |     +    |      0|  0|  16|          16|          16|
    |add_ln700_518_fu_4198_p2          |     +    |      0|  0|  10|           2|           2|
    |add_ln700_519_fu_4208_p2          |     +    |      0|  0|  10|           2|           2|
    |add_ln700_520_fu_4218_p2          |     +    |      0|  0|  12|           3|           3|
    |add_ln700_521_fu_4224_p2          |     +    |      0|  0|  10|           2|           2|
    |add_ln700_522_fu_4234_p2          |     +    |      0|  0|  10|           2|           2|
    |add_ln700_523_fu_4244_p2          |     +    |      0|  0|  12|           3|           3|
    |add_ln700_524_fu_5355_p2          |     +    |      0|  0|  13|           4|           4|
    |add_ln700_525_fu_5365_p2          |     +    |      0|  0|  16|          16|          16|
    |add_ln700_526_fu_4250_p2          |     +    |      0|  0|  10|           2|           2|
    |add_ln700_527_fu_4260_p2          |     +    |      0|  0|  10|           2|           2|
    |add_ln700_528_fu_4270_p2          |     +    |      0|  0|  12|           3|           3|
    |add_ln700_529_fu_4280_p2          |     +    |      0|  0|  10|           2|           2|
    |add_ln700_530_fu_4290_p2          |     +    |      0|  0|  10|           2|           2|
    |add_ln700_531_fu_4300_p2          |     +    |      0|  0|  12|           3|           3|
    |add_ln700_532_fu_4310_p2          |     +    |      0|  0|  13|           4|           4|
    |add_ln700_533_fu_4316_p2          |     +    |      0|  0|  10|           2|           2|
    |add_ln700_534_fu_4326_p2          |     +    |      0|  0|  10|           2|           2|
    |add_ln700_535_fu_4336_p2          |     +    |      0|  0|  12|           3|           3|
    |add_ln700_536_fu_4346_p2          |     +    |      0|  0|  10|           2|           2|
    |add_ln700_537_fu_4356_p2          |     +    |      0|  0|  16|           2|           2|
    |add_ln700_538_fu_4362_p2          |     +    |      0|  0|  16|           2|           2|
    |add_ln700_539_fu_4372_p2          |     +    |      0|  0|  12|           3|           3|
    |add_ln700_540_fu_4382_p2          |     +    |      0|  0|  13|           4|           4|
    |add_ln700_541_fu_5376_p2          |     +    |      0|  0|  15|           5|           5|
    |add_ln700_543_fu_4472_p2          |     +    |      0|  0|  23|          16|          16|
    |add_ln700_544_fu_4478_p2          |     +    |      0|  0|  10|           2|           2|
    |add_ln700_545_fu_4488_p2          |     +    |      0|  0|  16|          16|          16|
    |add_ln700_546_fu_2682_p2          |     +    |      0|  0|  10|           2|           2|
    |add_ln700_547_fu_2688_p2          |     +    |      0|  0|  10|           2|           2|
    |add_ln700_548_fu_4500_p2          |     +    |      0|  0|  12|           3|           3|
    |add_ln700_549_fu_4510_p2          |     +    |      0|  0|  16|          16|          16|
    |add_ln700_550_fu_4516_p2          |     +    |      0|  0|  10|           2|           2|
    |add_ln700_551_fu_4526_p2          |     +    |      0|  0|  10|           2|           2|
    |add_ln700_552_fu_4536_p2          |     +    |      0|  0|  12|           3|           3|
    |add_ln700_553_fu_4542_p2          |     +    |      0|  0|  10|           2|           2|
    |add_ln700_554_fu_4552_p2          |     +    |      0|  0|  10|           2|           2|
    |add_ln700_555_fu_4562_p2          |     +    |      0|  0|  12|           3|           3|
    |add_ln700_556_fu_5398_p2          |     +    |      0|  0|  13|           4|           4|
    |add_ln700_557_fu_5408_p2          |     +    |      0|  0|  16|          16|          16|
    |add_ln700_558_fu_4568_p2          |     +    |      0|  0|  10|           2|           2|
    |add_ln700_559_fu_4578_p2          |     +    |      0|  0|  10|           2|           2|
    |add_ln700_560_fu_4588_p2          |     +    |      0|  0|  12|           3|           3|
    |add_ln700_561_fu_4598_p2          |     +    |      0|  0|  10|           2|           2|
    |add_ln700_562_fu_4608_p2          |     +    |      0|  0|  10|           2|           2|
    |add_ln700_563_fu_4618_p2          |     +    |      0|  0|  12|           3|           3|
    |add_ln700_564_fu_4628_p2          |     +    |      0|  0|  13|           4|           4|
    |add_ln700_565_fu_4634_p2          |     +    |      0|  0|  10|           2|           2|
    |add_ln700_566_fu_4644_p2          |     +    |      0|  0|  10|           2|           2|
    |add_ln700_567_fu_4654_p2          |     +    |      0|  0|  12|           3|           3|
    |add_ln700_568_fu_4664_p2          |     +    |      0|  0|  10|           2|           2|
    |add_ln700_569_fu_4674_p2          |     +    |      0|  0|  16|           2|           2|
    |add_ln700_570_fu_4680_p2          |     +    |      0|  0|  16|           2|           2|
    |add_ln700_571_fu_4690_p2          |     +    |      0|  0|  12|           3|           3|
    |add_ln700_572_fu_4700_p2          |     +    |      0|  0|  13|           4|           4|
    |add_ln700_573_fu_5419_p2          |     +    |      0|  0|  15|           5|           5|
    |add_ln700_575_fu_4790_p2          |     +    |      0|  0|  23|          16|          16|
    |add_ln700_576_fu_4796_p2          |     +    |      0|  0|  10|           2|           2|
    |add_ln700_577_fu_4806_p2          |     +    |      0|  0|  16|          16|          16|
    |add_ln700_578_fu_3350_p2          |     +    |      0|  0|  10|           2|           2|
    |add_ln700_579_fu_3356_p2          |     +    |      0|  0|  10|           2|           2|
    |add_ln700_580_fu_4818_p2          |     +    |      0|  0|  12|           3|           3|
    |add_ln700_581_fu_4828_p2          |     +    |      0|  0|  16|          16|          16|
    |add_ln700_582_fu_4834_p2          |     +    |      0|  0|  10|           2|           2|
    |add_ln700_583_fu_4844_p2          |     +    |      0|  0|  10|           2|           2|
    |add_ln700_584_fu_4854_p2          |     +    |      0|  0|  12|           3|           3|
    |add_ln700_585_fu_4860_p2          |     +    |      0|  0|  10|           2|           2|
    |add_ln700_586_fu_4870_p2          |     +    |      0|  0|  10|           2|           2|
    |add_ln700_587_fu_4880_p2          |     +    |      0|  0|  12|           3|           3|
    |add_ln700_588_fu_5441_p2          |     +    |      0|  0|  13|           4|           4|
    |add_ln700_589_fu_5451_p2          |     +    |      0|  0|  16|          16|          16|
    |add_ln700_590_fu_4886_p2          |     +    |      0|  0|  10|           2|           2|
    |add_ln700_591_fu_4896_p2          |     +    |      0|  0|  10|           2|           2|
    |add_ln700_592_fu_4906_p2          |     +    |      0|  0|  12|           3|           3|
    |add_ln700_593_fu_4916_p2          |     +    |      0|  0|  10|           2|           2|
    |add_ln700_594_fu_4926_p2          |     +    |      0|  0|  10|           2|           2|
    |add_ln700_595_fu_4936_p2          |     +    |      0|  0|  12|           3|           3|
    |add_ln700_596_fu_4946_p2          |     +    |      0|  0|  13|           4|           4|
    |add_ln700_597_fu_4952_p2          |     +    |      0|  0|  10|           2|           2|
    |add_ln700_598_fu_4962_p2          |     +    |      0|  0|  10|           2|           2|
    |add_ln700_599_fu_4972_p2          |     +    |      0|  0|  12|           3|           3|
    |add_ln700_600_fu_4982_p2          |     +    |      0|  0|  10|           2|           2|
    |add_ln700_601_fu_4992_p2          |     +    |      0|  0|  16|           2|           2|
    |add_ln700_602_fu_4998_p2          |     +    |      0|  0|  16|           2|           2|
    |add_ln700_603_fu_5008_p2          |     +    |      0|  0|  12|           3|           3|
    |add_ln700_604_fu_5018_p2          |     +    |      0|  0|  13|           4|           4|
    |add_ln700_605_fu_5462_p2          |     +    |      0|  0|  15|           5|           5|
    |add_ln700_607_fu_5108_p2          |     +    |      0|  0|  23|          16|          16|
    |add_ln700_608_fu_5114_p2          |     +    |      0|  0|  10|           2|           2|
    |add_ln700_609_fu_5124_p2          |     +    |      0|  0|  16|          16|          16|
    |add_ln700_610_fu_4018_p2          |     +    |      0|  0|  10|           2|           2|
    |add_ln700_611_fu_4024_p2          |     +    |      0|  0|  10|           2|           2|
    |add_ln700_612_fu_5136_p2          |     +    |      0|  0|  12|           3|           3|
    |add_ln700_613_fu_5146_p2          |     +    |      0|  0|  16|          16|          16|
    |add_ln700_614_fu_5152_p2          |     +    |      0|  0|  10|           2|           2|
    |add_ln700_615_fu_5162_p2          |     +    |      0|  0|  10|           2|           2|
    |add_ln700_616_fu_5172_p2          |     +    |      0|  0|  12|           3|           3|
    |add_ln700_617_fu_5178_p2          |     +    |      0|  0|  10|           2|           2|
    |add_ln700_618_fu_5188_p2          |     +    |      0|  0|  10|           2|           2|
    |add_ln700_619_fu_5198_p2          |     +    |      0|  0|  12|           3|           3|
    |add_ln700_620_fu_5484_p2          |     +    |      0|  0|  13|           4|           4|
    |add_ln700_621_fu_5494_p2          |     +    |      0|  0|  16|          16|          16|
    |add_ln700_622_fu_5204_p2          |     +    |      0|  0|  10|           2|           2|
    |add_ln700_623_fu_5214_p2          |     +    |      0|  0|  10|           2|           2|
    |add_ln700_624_fu_5224_p2          |     +    |      0|  0|  12|           3|           3|
    |add_ln700_625_fu_5234_p2          |     +    |      0|  0|  10|           2|           2|
    |add_ln700_626_fu_5244_p2          |     +    |      0|  0|  10|           2|           2|
    |add_ln700_627_fu_5254_p2          |     +    |      0|  0|  12|           3|           3|
    |add_ln700_628_fu_5264_p2          |     +    |      0|  0|  13|           4|           4|
    |add_ln700_629_fu_5270_p2          |     +    |      0|  0|  10|           2|           2|
    |add_ln700_630_fu_5280_p2          |     +    |      0|  0|  10|           2|           2|
    |add_ln700_631_fu_5290_p2          |     +    |      0|  0|  12|           3|           3|
    |add_ln700_632_fu_5300_p2          |     +    |      0|  0|  10|           2|           2|
    |add_ln700_633_fu_5310_p2          |     +    |      0|  0|  16|           2|           2|
    |add_ln700_634_fu_5316_p2          |     +    |      0|  0|  16|           2|           2|
    |add_ln700_635_fu_5326_p2          |     +    |      0|  0|  12|           3|           3|
    |add_ln700_636_fu_5336_p2          |     +    |      0|  0|  13|           4|           4|
    |add_ln700_637_fu_5505_p2          |     +    |      0|  0|  15|           5|           5|
    |add_ln700_fu_4154_p2              |     +    |      0|  0|  23|          16|          16|
    |i_fu_623_p2                       |     +    |      0|  0|  39|          32|           1|
    |nf_fu_864_p2                      |     +    |      0|  0|  39|          32|           1|
    |sf_fu_844_p2                      |     +    |      0|  0|  39|          32|           1|
    |tile_fu_1061_p2                   |     +    |      0|  0|  39|          32|           1|
    |ap_block_state4_pp0_stage0_iter1  |    and   |      0|  0|   2|           1|           1|
    |ap_block_state8_pp0_stage0_iter5  |    and   |      0|  0|   2|           1|           1|
    |ap_predicate_op126_read_state4    |    and   |      0|  0|   2|           1|           1|
    |icmp_ln122_fu_618_p2              |   icmp   |      0|  0|  18|          32|          32|
    |icmp_ln125_fu_632_p2              |   icmp   |      0|  0|  18|          32|           1|
    |icmp_ln137_fu_838_p2              |   icmp   |      0|  0|  18|          32|           1|
    |icmp_ln159_fu_850_p2              |   icmp   |      0|  0|  18|          32|           6|
    |icmp_ln173_fu_1072_p2             |   icmp   |      0|  0|  18|          32|           7|
    |icmp_ln887_16_fu_5545_p2          |   icmp   |      0|  0|  13|          16|          16|
    |icmp_ln887_17_fu_5549_p2          |   icmp   |      0|  0|  13|          16|          16|
    |icmp_ln887_18_fu_5553_p2          |   icmp   |      0|  0|  13|          16|          16|
    |icmp_ln887_fu_5541_p2             |   icmp   |      0|  0|  13|          16|          16|
    |ap_block_pp0_stage0_01001         |    or    |      0|  0|   2|           1|           1|
    |ap_block_state1                   |    or    |      0|  0|   2|           1|           1|
    |select_ln137_16_fu_4049_p3        |  select  |      0|  0|  16|           1|           1|
    |select_ln137_17_fu_4056_p3        |  select  |      0|  0|  16|           1|           1|
    |select_ln137_18_fu_4063_p3        |  select  |      0|  0|  16|           1|           1|
    |select_ln137_fu_4042_p3           |  select  |      0|  0|  16|           1|           1|
    |select_ln173_2_fu_1084_p3         |  select  |      0|  0|  32|           1|           1|
    |select_ln173_fu_1077_p3           |  select  |      0|  0|  32|           1|           1|
    |ap_enable_pp0                     |    xor   |      0|  0|   2|           1|           2|
    |ap_enable_reg_pp0_iter1           |    xor   |      0|  0|   2|           2|           1|
    |xor_ln879_1024_fu_1124_p2         |    xor   |      0|  0|   2|           1|           2|
    |xor_ln879_1025_fu_1146_p2         |    xor   |      0|  0|   2|           1|           1|
    |xor_ln879_1026_fu_1152_p2         |    xor   |      0|  0|   2|           1|           2|
    |xor_ln879_1027_fu_1174_p2         |    xor   |      0|  0|   2|           1|           1|
    |xor_ln879_1028_fu_1180_p2         |    xor   |      0|  0|   2|           1|           2|
    |xor_ln879_1029_fu_1202_p2         |    xor   |      0|  0|   2|           1|           1|
    |xor_ln879_1030_fu_1208_p2         |    xor   |      0|  0|   2|           1|           2|
    |xor_ln879_1031_fu_1230_p2         |    xor   |      0|  0|   2|           1|           1|
    |xor_ln879_1032_fu_1236_p2         |    xor   |      0|  0|   2|           1|           2|
    |xor_ln879_1033_fu_1258_p2         |    xor   |      0|  0|   2|           1|           1|
    |xor_ln879_1034_fu_1264_p2         |    xor   |      0|  0|   2|           1|           2|
    |xor_ln879_1035_fu_1286_p2         |    xor   |      0|  0|   2|           1|           1|
    |xor_ln879_1036_fu_1292_p2         |    xor   |      0|  0|   2|           1|           2|
    |xor_ln879_1037_fu_1314_p2         |    xor   |      0|  0|   2|           1|           1|
    |xor_ln879_1038_fu_1320_p2         |    xor   |      0|  0|   2|           1|           2|
    |xor_ln879_1039_fu_1342_p2         |    xor   |      0|  0|   2|           1|           1|
    |xor_ln879_1040_fu_1348_p2         |    xor   |      0|  0|   2|           1|           2|
    |xor_ln879_1041_fu_1370_p2         |    xor   |      0|  0|   2|           1|           1|
    |xor_ln879_1042_fu_1376_p2         |    xor   |      0|  0|   2|           1|           2|
    |xor_ln879_1043_fu_1398_p2         |    xor   |      0|  0|   2|           1|           1|
    |xor_ln879_1044_fu_1404_p2         |    xor   |      0|  0|   2|           1|           2|
    |xor_ln879_1045_fu_1426_p2         |    xor   |      0|  0|   2|           1|           1|
    |xor_ln879_1046_fu_1432_p2         |    xor   |      0|  0|   2|           1|           2|
    |xor_ln879_1047_fu_1454_p2         |    xor   |      0|  0|   2|           1|           1|
    |xor_ln879_1048_fu_1460_p2         |    xor   |      0|  0|   2|           1|           2|
    |xor_ln879_1049_fu_1482_p2         |    xor   |      0|  0|   2|           1|           1|
    |xor_ln879_1050_fu_1488_p2         |    xor   |      0|  0|   2|           1|           2|
    |xor_ln879_1051_fu_1510_p2         |    xor   |      0|  0|   2|           1|           1|
    |xor_ln879_1052_fu_1516_p2         |    xor   |      0|  0|   2|           1|           2|
    |xor_ln879_1053_fu_1538_p2         |    xor   |      0|  0|   2|           1|           1|
    |xor_ln879_1054_fu_1544_p2         |    xor   |      0|  0|   2|           1|           2|
    |xor_ln879_1055_fu_1566_p2         |    xor   |      0|  0|   2|           1|           1|
    |xor_ln879_1056_fu_1572_p2         |    xor   |      0|  0|   2|           1|           2|
    |xor_ln879_1057_fu_1594_p2         |    xor   |      0|  0|   2|           1|           1|
    |xor_ln879_1058_fu_1600_p2         |    xor   |      0|  0|   2|           1|           2|
    |xor_ln879_1059_fu_1622_p2         |    xor   |      0|  0|   2|           1|           1|
    |xor_ln879_1060_fu_1628_p2         |    xor   |      0|  0|   2|           1|           2|
    |xor_ln879_1061_fu_1650_p2         |    xor   |      0|  0|   2|           1|           1|
    |xor_ln879_1062_fu_1656_p2         |    xor   |      0|  0|   2|           1|           2|
    |xor_ln879_1063_fu_1678_p2         |    xor   |      0|  0|   2|           1|           1|
    |xor_ln879_1064_fu_1684_p2         |    xor   |      0|  0|   2|           1|           2|
    |xor_ln879_1065_fu_1706_p2         |    xor   |      0|  0|   2|           1|           1|
    |xor_ln879_1066_fu_1712_p2         |    xor   |      0|  0|   2|           1|           2|
    |xor_ln879_1067_fu_1734_p2         |    xor   |      0|  0|   2|           1|           1|
    |xor_ln879_1068_fu_1740_p2         |    xor   |      0|  0|   2|           1|           2|
    |xor_ln879_1069_fu_1762_p2         |    xor   |      0|  0|   2|           1|           1|
    |xor_ln879_1070_fu_1768_p2         |    xor   |      0|  0|   2|           1|           2|
    |xor_ln879_1071_fu_1794_p2         |    xor   |      0|  0|   2|           1|           1|
    |xor_ln879_1072_fu_1800_p2         |    xor   |      0|  0|   2|           1|           2|
    |xor_ln879_1073_fu_1826_p2         |    xor   |      0|  0|   2|           1|           1|
    |xor_ln879_1074_fu_1832_p2         |    xor   |      0|  0|   2|           1|           2|
    |xor_ln879_1075_fu_1854_p2         |    xor   |      0|  0|   2|           1|           1|
    |xor_ln879_1076_fu_1860_p2         |    xor   |      0|  0|   2|           1|           2|
    |xor_ln879_1077_fu_1886_p2         |    xor   |      0|  0|   2|           1|           1|
    |xor_ln879_1078_fu_1892_p2         |    xor   |      0|  0|   2|           1|           2|
    |xor_ln879_1079_fu_1918_p2         |    xor   |      0|  0|   2|           1|           1|
    |xor_ln879_1080_fu_1924_p2         |    xor   |      0|  0|   2|           1|           2|
    |xor_ln879_1081_fu_1946_p2         |    xor   |      0|  0|   2|           1|           1|
    |xor_ln879_1082_fu_1952_p2         |    xor   |      0|  0|   2|           1|           2|
    |xor_ln879_1083_fu_1974_p2         |    xor   |      0|  0|   2|           1|           1|
    |xor_ln879_1084_fu_1980_p2         |    xor   |      0|  0|   2|           1|           2|
    |xor_ln879_1085_fu_2002_p2         |    xor   |      0|  0|   2|           1|           1|
    |xor_ln879_1086_fu_2008_p2         |    xor   |      0|  0|   2|           1|           2|
    |xor_ln879_1087_fu_2034_p2         |    xor   |      0|  0|   2|           1|           1|
    |xor_ln879_1088_fu_2040_p2         |    xor   |      0|  0|   2|           1|           2|
    |xor_ln879_1089_fu_2054_p2         |    xor   |      0|  0|   2|           1|           1|
    |xor_ln879_1090_fu_2060_p2         |    xor   |      0|  0|   2|           1|           2|
    |xor_ln879_1091_fu_2074_p2         |    xor   |      0|  0|   2|           1|           1|
    |xor_ln879_1092_fu_2080_p2         |    xor   |      0|  0|   2|           1|           2|
    |xor_ln879_1093_fu_2094_p2         |    xor   |      0|  0|   2|           1|           1|
    |xor_ln879_1094_fu_2100_p2         |    xor   |      0|  0|   2|           1|           2|
    |xor_ln879_1095_fu_2114_p2         |    xor   |      0|  0|   2|           1|           1|
    |xor_ln879_1096_fu_2120_p2         |    xor   |      0|  0|   2|           1|           2|
    |xor_ln879_1097_fu_2134_p2         |    xor   |      0|  0|   2|           1|           1|
    |xor_ln879_1098_fu_2140_p2         |    xor   |      0|  0|   2|           1|           2|
    |xor_ln879_1099_fu_2154_p2         |    xor   |      0|  0|   2|           1|           1|
    |xor_ln879_1100_fu_2160_p2         |    xor   |      0|  0|   2|           1|           2|
    |xor_ln879_1101_fu_2174_p2         |    xor   |      0|  0|   2|           1|           1|
    |xor_ln879_1102_fu_2180_p2         |    xor   |      0|  0|   2|           1|           2|
    |xor_ln879_1103_fu_2194_p2         |    xor   |      0|  0|   2|           1|           1|
    |xor_ln879_1104_fu_2200_p2         |    xor   |      0|  0|   2|           1|           2|
    |xor_ln879_1105_fu_2214_p2         |    xor   |      0|  0|   2|           1|           1|
    |xor_ln879_1106_fu_2220_p2         |    xor   |      0|  0|   2|           1|           2|
    |xor_ln879_1107_fu_2234_p2         |    xor   |      0|  0|   2|           1|           1|
    |xor_ln879_1108_fu_2240_p2         |    xor   |      0|  0|   2|           1|           2|
    |xor_ln879_1109_fu_2254_p2         |    xor   |      0|  0|   2|           1|           1|
    |xor_ln879_1110_fu_2260_p2         |    xor   |      0|  0|   2|           1|           2|
    |xor_ln879_1111_fu_2274_p2         |    xor   |      0|  0|   2|           1|           1|
    |xor_ln879_1112_fu_2280_p2         |    xor   |      0|  0|   2|           1|           2|
    |xor_ln879_1113_fu_2294_p2         |    xor   |      0|  0|   2|           1|           1|
    |xor_ln879_1114_fu_2300_p2         |    xor   |      0|  0|   2|           1|           2|
    |xor_ln879_1115_fu_2314_p2         |    xor   |      0|  0|   2|           1|           1|
    |xor_ln879_1116_fu_2320_p2         |    xor   |      0|  0|   2|           1|           2|
    |xor_ln879_1117_fu_2334_p2         |    xor   |      0|  0|   2|           1|           1|
    |xor_ln879_1118_fu_2340_p2         |    xor   |      0|  0|   2|           1|           2|
    |xor_ln879_1119_fu_2354_p2         |    xor   |      0|  0|   2|           1|           1|
    |xor_ln879_1120_fu_2360_p2         |    xor   |      0|  0|   2|           1|           2|
    |xor_ln879_1121_fu_2374_p2         |    xor   |      0|  0|   2|           1|           1|
    |xor_ln879_1122_fu_2380_p2         |    xor   |      0|  0|   2|           1|           2|
    |xor_ln879_1123_fu_2394_p2         |    xor   |      0|  0|   2|           1|           1|
    |xor_ln879_1124_fu_2400_p2         |    xor   |      0|  0|   2|           1|           2|
    |xor_ln879_1125_fu_2414_p2         |    xor   |      0|  0|   2|           1|           1|
    |xor_ln879_1126_fu_2420_p2         |    xor   |      0|  0|   2|           1|           2|
    |xor_ln879_1127_fu_2434_p2         |    xor   |      0|  0|   2|           1|           1|
    |xor_ln879_1128_fu_2440_p2         |    xor   |      0|  0|   2|           1|           2|
    |xor_ln879_1129_fu_2454_p2         |    xor   |      0|  0|   2|           1|           1|
    |xor_ln879_1130_fu_2460_p2         |    xor   |      0|  0|   2|           1|           2|
    |xor_ln879_1131_fu_2474_p2         |    xor   |      0|  0|   2|           1|           1|
    |xor_ln879_1132_fu_2480_p2         |    xor   |      0|  0|   2|           1|           2|
    |xor_ln879_1133_fu_2494_p2         |    xor   |      0|  0|   2|           1|           1|
    |xor_ln879_1134_fu_2500_p2         |    xor   |      0|  0|   2|           1|           2|
    |xor_ln879_1135_fu_2518_p2         |    xor   |      0|  0|   2|           1|           1|
    |xor_ln879_1136_fu_2524_p2         |    xor   |      0|  0|   2|           1|           2|
    |xor_ln879_1137_fu_2542_p2         |    xor   |      0|  0|   2|           1|           1|
    |xor_ln879_1138_fu_2548_p2         |    xor   |      0|  0|   2|           1|           2|
    |xor_ln879_1139_fu_2562_p2         |    xor   |      0|  0|   2|           1|           1|
    |xor_ln879_1140_fu_2568_p2         |    xor   |      0|  0|   2|           1|           2|
    |xor_ln879_1141_fu_2586_p2         |    xor   |      0|  0|   2|           1|           1|
    |xor_ln879_1142_fu_2592_p2         |    xor   |      0|  0|   2|           1|           2|
    |xor_ln879_1143_fu_2610_p2         |    xor   |      0|  0|   2|           1|           1|
    |xor_ln879_1144_fu_2616_p2         |    xor   |      0|  0|   2|           1|           2|
    |xor_ln879_1145_fu_2630_p2         |    xor   |      0|  0|   2|           1|           1|
    |xor_ln879_1146_fu_2636_p2         |    xor   |      0|  0|   2|           1|           2|
    |xor_ln879_1147_fu_2650_p2         |    xor   |      0|  0|   2|           1|           1|
    |xor_ln879_1148_fu_2656_p2         |    xor   |      0|  0|   2|           1|           2|
    |xor_ln879_1149_fu_2670_p2         |    xor   |      0|  0|   2|           1|           1|
    |xor_ln879_1150_fu_2676_p2         |    xor   |      0|  0|   2|           1|           2|
    |xor_ln879_1151_fu_2702_p2         |    xor   |      0|  0|   2|           1|           1|
    |xor_ln879_1152_fu_2708_p2         |    xor   |      0|  0|   2|           1|           2|
    |xor_ln879_1153_fu_2722_p2         |    xor   |      0|  0|   2|           1|           1|
    |xor_ln879_1154_fu_2728_p2         |    xor   |      0|  0|   2|           1|           2|
    |xor_ln879_1155_fu_2742_p2         |    xor   |      0|  0|   2|           1|           1|
    |xor_ln879_1156_fu_2748_p2         |    xor   |      0|  0|   2|           1|           2|
    |xor_ln879_1157_fu_2762_p2         |    xor   |      0|  0|   2|           1|           1|
    |xor_ln879_1158_fu_2768_p2         |    xor   |      0|  0|   2|           1|           2|
    |xor_ln879_1159_fu_2782_p2         |    xor   |      0|  0|   2|           1|           1|
    |xor_ln879_1160_fu_2788_p2         |    xor   |      0|  0|   2|           1|           2|
    |xor_ln879_1161_fu_2802_p2         |    xor   |      0|  0|   2|           1|           1|
    |xor_ln879_1162_fu_2808_p2         |    xor   |      0|  0|   2|           1|           2|
    |xor_ln879_1163_fu_2822_p2         |    xor   |      0|  0|   2|           1|           1|
    |xor_ln879_1164_fu_2828_p2         |    xor   |      0|  0|   2|           1|           2|
    |xor_ln879_1165_fu_2842_p2         |    xor   |      0|  0|   2|           1|           1|
    |xor_ln879_1166_fu_2848_p2         |    xor   |      0|  0|   2|           1|           2|
    |xor_ln879_1167_fu_2862_p2         |    xor   |      0|  0|   2|           1|           1|
    |xor_ln879_1168_fu_2868_p2         |    xor   |      0|  0|   2|           1|           2|
    |xor_ln879_1169_fu_2882_p2         |    xor   |      0|  0|   2|           1|           1|
    |xor_ln879_1170_fu_2888_p2         |    xor   |      0|  0|   2|           1|           2|
    |xor_ln879_1171_fu_2902_p2         |    xor   |      0|  0|   2|           1|           1|
    |xor_ln879_1172_fu_2908_p2         |    xor   |      0|  0|   2|           1|           2|
    |xor_ln879_1173_fu_2922_p2         |    xor   |      0|  0|   2|           1|           1|
    |xor_ln879_1174_fu_2928_p2         |    xor   |      0|  0|   2|           1|           2|
    |xor_ln879_1175_fu_2942_p2         |    xor   |      0|  0|   2|           1|           1|
    |xor_ln879_1176_fu_2948_p2         |    xor   |      0|  0|   2|           1|           2|
    |xor_ln879_1177_fu_2962_p2         |    xor   |      0|  0|   2|           1|           1|
    |xor_ln879_1178_fu_2968_p2         |    xor   |      0|  0|   2|           1|           2|
    |xor_ln879_1179_fu_2982_p2         |    xor   |      0|  0|   2|           1|           1|
    |xor_ln879_1180_fu_2988_p2         |    xor   |      0|  0|   2|           1|           2|
    |xor_ln879_1181_fu_3002_p2         |    xor   |      0|  0|   2|           1|           1|
    |xor_ln879_1182_fu_3008_p2         |    xor   |      0|  0|   2|           1|           2|
    |xor_ln879_1183_fu_3022_p2         |    xor   |      0|  0|   2|           1|           1|
    |xor_ln879_1184_fu_3028_p2         |    xor   |      0|  0|   2|           1|           2|
    |xor_ln879_1185_fu_3042_p2         |    xor   |      0|  0|   2|           1|           1|
    |xor_ln879_1186_fu_3048_p2         |    xor   |      0|  0|   2|           1|           2|
    |xor_ln879_1187_fu_3062_p2         |    xor   |      0|  0|   2|           1|           1|
    |xor_ln879_1188_fu_3068_p2         |    xor   |      0|  0|   2|           1|           2|
    |xor_ln879_1189_fu_3082_p2         |    xor   |      0|  0|   2|           1|           1|
    |xor_ln879_1190_fu_3088_p2         |    xor   |      0|  0|   2|           1|           2|
    |xor_ln879_1191_fu_3102_p2         |    xor   |      0|  0|   2|           1|           1|
    |xor_ln879_1192_fu_3108_p2         |    xor   |      0|  0|   2|           1|           2|
    |xor_ln879_1193_fu_3122_p2         |    xor   |      0|  0|   2|           1|           1|
    |xor_ln879_1194_fu_3128_p2         |    xor   |      0|  0|   2|           1|           2|
    |xor_ln879_1195_fu_3142_p2         |    xor   |      0|  0|   2|           1|           1|
    |xor_ln879_1196_fu_3148_p2         |    xor   |      0|  0|   2|           1|           2|
    |xor_ln879_1197_fu_3162_p2         |    xor   |      0|  0|   2|           1|           1|
    |xor_ln879_1198_fu_3168_p2         |    xor   |      0|  0|   2|           1|           2|
    |xor_ln879_1199_fu_3186_p2         |    xor   |      0|  0|   2|           1|           1|
    |xor_ln879_1200_fu_3192_p2         |    xor   |      0|  0|   2|           1|           2|
    |xor_ln879_1201_fu_3210_p2         |    xor   |      0|  0|   2|           1|           1|
    |xor_ln879_1202_fu_3216_p2         |    xor   |      0|  0|   2|           1|           2|
    |xor_ln879_1203_fu_3230_p2         |    xor   |      0|  0|   2|           1|           1|
    |xor_ln879_1204_fu_3236_p2         |    xor   |      0|  0|   2|           1|           2|
    |xor_ln879_1205_fu_3254_p2         |    xor   |      0|  0|   2|           1|           1|
    |xor_ln879_1206_fu_3260_p2         |    xor   |      0|  0|   2|           1|           2|
    |xor_ln879_1207_fu_3278_p2         |    xor   |      0|  0|   2|           1|           1|
    |xor_ln879_1208_fu_3284_p2         |    xor   |      0|  0|   2|           1|           2|
    |xor_ln879_1209_fu_3298_p2         |    xor   |      0|  0|   2|           1|           1|
    |xor_ln879_1210_fu_3304_p2         |    xor   |      0|  0|   2|           1|           2|
    |xor_ln879_1211_fu_3318_p2         |    xor   |      0|  0|   2|           1|           1|
    |xor_ln879_1212_fu_3324_p2         |    xor   |      0|  0|   2|           1|           2|
    |xor_ln879_1213_fu_3338_p2         |    xor   |      0|  0|   2|           1|           1|
    |xor_ln879_1214_fu_3344_p2         |    xor   |      0|  0|   2|           1|           2|
    |xor_ln879_1215_fu_3370_p2         |    xor   |      0|  0|   2|           1|           1|
    |xor_ln879_1216_fu_3376_p2         |    xor   |      0|  0|   2|           1|           2|
    |xor_ln879_1217_fu_3390_p2         |    xor   |      0|  0|   2|           1|           1|
    |xor_ln879_1218_fu_3396_p2         |    xor   |      0|  0|   2|           1|           2|
    |xor_ln879_1219_fu_3410_p2         |    xor   |      0|  0|   2|           1|           1|
    |xor_ln879_1220_fu_3416_p2         |    xor   |      0|  0|   2|           1|           2|
    |xor_ln879_1221_fu_3430_p2         |    xor   |      0|  0|   2|           1|           1|
    |xor_ln879_1222_fu_3436_p2         |    xor   |      0|  0|   2|           1|           2|
    |xor_ln879_1223_fu_3450_p2         |    xor   |      0|  0|   2|           1|           1|
    |xor_ln879_1224_fu_3456_p2         |    xor   |      0|  0|   2|           1|           2|
    |xor_ln879_1225_fu_3470_p2         |    xor   |      0|  0|   2|           1|           1|
    |xor_ln879_1226_fu_3476_p2         |    xor   |      0|  0|   2|           1|           2|
    |xor_ln879_1227_fu_3490_p2         |    xor   |      0|  0|   2|           1|           1|
    |xor_ln879_1228_fu_3496_p2         |    xor   |      0|  0|   2|           1|           2|
    |xor_ln879_1229_fu_3510_p2         |    xor   |      0|  0|   2|           1|           1|
    |xor_ln879_1230_fu_3516_p2         |    xor   |      0|  0|   2|           1|           2|
    |xor_ln879_1231_fu_3530_p2         |    xor   |      0|  0|   2|           1|           1|
    |xor_ln879_1232_fu_3536_p2         |    xor   |      0|  0|   2|           1|           2|
    |xor_ln879_1233_fu_3550_p2         |    xor   |      0|  0|   2|           1|           1|
    |xor_ln879_1234_fu_3556_p2         |    xor   |      0|  0|   2|           1|           2|
    |xor_ln879_1235_fu_3570_p2         |    xor   |      0|  0|   2|           1|           1|
    |xor_ln879_1236_fu_3576_p2         |    xor   |      0|  0|   2|           1|           2|
    |xor_ln879_1237_fu_3590_p2         |    xor   |      0|  0|   2|           1|           1|
    |xor_ln879_1238_fu_3596_p2         |    xor   |      0|  0|   2|           1|           2|
    |xor_ln879_1239_fu_3610_p2         |    xor   |      0|  0|   2|           1|           1|
    |xor_ln879_1240_fu_3616_p2         |    xor   |      0|  0|   2|           1|           2|
    |xor_ln879_1241_fu_3630_p2         |    xor   |      0|  0|   2|           1|           1|
    |xor_ln879_1242_fu_3636_p2         |    xor   |      0|  0|   2|           1|           2|
    |xor_ln879_1243_fu_3650_p2         |    xor   |      0|  0|   2|           1|           1|
    |xor_ln879_1244_fu_3656_p2         |    xor   |      0|  0|   2|           1|           2|
    |xor_ln879_1245_fu_3670_p2         |    xor   |      0|  0|   2|           1|           1|
    |xor_ln879_1246_fu_3676_p2         |    xor   |      0|  0|   2|           1|           2|
    |xor_ln879_1247_fu_3690_p2         |    xor   |      0|  0|   2|           1|           1|
    |xor_ln879_1248_fu_3696_p2         |    xor   |      0|  0|   2|           1|           2|
    |xor_ln879_1249_fu_3710_p2         |    xor   |      0|  0|   2|           1|           1|
    |xor_ln879_1250_fu_3716_p2         |    xor   |      0|  0|   2|           1|           2|
    |xor_ln879_1251_fu_3730_p2         |    xor   |      0|  0|   2|           1|           1|
    |xor_ln879_1252_fu_3736_p2         |    xor   |      0|  0|   2|           1|           2|
    |xor_ln879_1253_fu_3750_p2         |    xor   |      0|  0|   2|           1|           1|
    |xor_ln879_1254_fu_3756_p2         |    xor   |      0|  0|   2|           1|           2|
    |xor_ln879_1255_fu_3770_p2         |    xor   |      0|  0|   2|           1|           1|
    |xor_ln879_1256_fu_3776_p2         |    xor   |      0|  0|   2|           1|           2|
    |xor_ln879_1257_fu_3790_p2         |    xor   |      0|  0|   2|           1|           1|
    |xor_ln879_1258_fu_3796_p2         |    xor   |      0|  0|   2|           1|           2|
    |xor_ln879_1259_fu_3810_p2         |    xor   |      0|  0|   2|           1|           1|
    |xor_ln879_1260_fu_3816_p2         |    xor   |      0|  0|   2|           1|           2|
    |xor_ln879_1261_fu_3830_p2         |    xor   |      0|  0|   2|           1|           1|
    |xor_ln879_1262_fu_3836_p2         |    xor   |      0|  0|   2|           1|           2|
    |xor_ln879_1263_fu_3854_p2         |    xor   |      0|  0|   2|           1|           1|
    |xor_ln879_1264_fu_3860_p2         |    xor   |      0|  0|   2|           1|           2|
    |xor_ln879_1265_fu_3878_p2         |    xor   |      0|  0|   2|           1|           1|
    |xor_ln879_1266_fu_3884_p2         |    xor   |      0|  0|   2|           1|           2|
    |xor_ln879_1267_fu_3898_p2         |    xor   |      0|  0|   2|           1|           1|
    |xor_ln879_1268_fu_3904_p2         |    xor   |      0|  0|   2|           1|           2|
    |xor_ln879_1269_fu_3922_p2         |    xor   |      0|  0|   2|           1|           1|
    |xor_ln879_1270_fu_3928_p2         |    xor   |      0|  0|   2|           1|           2|
    |xor_ln879_1271_fu_3946_p2         |    xor   |      0|  0|   2|           1|           1|
    |xor_ln879_1272_fu_3952_p2         |    xor   |      0|  0|   2|           1|           2|
    |xor_ln879_1273_fu_3966_p2         |    xor   |      0|  0|   2|           1|           1|
    |xor_ln879_1274_fu_3972_p2         |    xor   |      0|  0|   2|           1|           2|
    |xor_ln879_1275_fu_3986_p2         |    xor   |      0|  0|   2|           1|           1|
    |xor_ln879_1276_fu_3992_p2         |    xor   |      0|  0|   2|           1|           2|
    |xor_ln879_1277_fu_4006_p2         |    xor   |      0|  0|   2|           1|           1|
    |xor_ln879_1278_fu_4012_p2         |    xor   |      0|  0|   2|           1|           2|
    |xor_ln879_fu_1118_p2              |    xor   |      0|  0|   2|           1|           1|
    +----------------------------------+----------+-------+---+----+------------+------------+
    |Total                             |          |      0|  0|2579|        1254|        1145|
    +----------------------------------+----------+-------+---+----+------------+------------+

    * Multiplexer: 
    +------------------------------------------+----+-----------+-----+-----------+
    |                   Name                   | LUT| Input Size| Bits| Total Bits|
    +------------------------------------------+----+-----------+-----+-----------+
    |add_ln120_1_loc_blk_n                     |   9|          2|    1|          2|
    |ap_NS_fsm                                 |  27|          5|    1|          5|
    |ap_done                                   |   9|          2|    1|          2|
    |ap_enable_reg_pp0_iter1                   |   9|          2|    1|          2|
    |ap_enable_reg_pp0_iter5                   |   9|          2|    1|          2|
    |ap_phi_reg_pp0_iter2_act_m_val_V_reg_508  |  15|          3|   32|         96|
    |ap_sig_allocacmp_accu_V_0_0_0_i_i_loa     |   9|          2|   16|         32|
    |ap_sig_allocacmp_accu_V_0_1_0_i_i_loa     |   9|          2|   16|         32|
    |ap_sig_allocacmp_accu_V_0_2_0_i_i_loa     |   9|          2|   16|         32|
    |ap_sig_allocacmp_accu_V_0_3_0_i_i_loa     |   9|          2|   16|         32|
    |ap_sig_allocacmp_nf_assign_load           |   9|          2|   32|         64|
    |ap_sig_allocacmp_nf_assign_load_2         |   9|          2|   32|         64|
    |ap_sig_allocacmp_tmp_V_63_load            |   9|          2|   32|         64|
    |ap_sig_allocacmp_tmp_V_64_load            |   9|          2|   32|         64|
    |ap_sig_allocacmp_tmp_V_65_load            |   9|          2|   32|         64|
    |ap_sig_allocacmp_tmp_V_66_load            |   9|          2|   32|         64|
    |ap_sig_allocacmp_tmp_V_67_load            |   9|          2|   32|         64|
    |ap_sig_allocacmp_tmp_V_68_load            |   9|          2|   32|         64|
    |ap_sig_allocacmp_tmp_V_69_load            |   9|          2|   32|         64|
    |ap_sig_allocacmp_tmp_V_70_load            |   9|          2|   32|         64|
    |ap_sig_allocacmp_tmp_V_71_load            |   9|          2|   32|         64|
    |ap_sig_allocacmp_tmp_V_72_load            |   9|          2|   32|         64|
    |ap_sig_allocacmp_tmp_V_73_load            |   9|          2|   32|         64|
    |ap_sig_allocacmp_tmp_V_74_load            |   9|          2|   32|         64|
    |ap_sig_allocacmp_tmp_V_75_load            |   9|          2|   32|         64|
    |ap_sig_allocacmp_tmp_V_76_load            |   9|          2|   32|         64|
    |ap_sig_allocacmp_tmp_V_77_load            |   9|          2|   32|         64|
    |ap_sig_allocacmp_tmp_V_78_load            |   9|          2|   32|         64|
    |ap_sig_allocacmp_tmp_V_79_load            |   9|          2|   32|         64|
    |ap_sig_allocacmp_tmp_V_80_load            |   9|          2|   32|         64|
    |ap_sig_allocacmp_tmp_V_81_load            |   9|          2|   32|         64|
    |ap_sig_allocacmp_tmp_V_82_load            |   9|          2|   32|         64|
    |ap_sig_allocacmp_tmp_V_83_load            |   9|          2|   32|         64|
    |ap_sig_allocacmp_tmp_V_84_load            |   9|          2|   32|         64|
    |ap_sig_allocacmp_tmp_V_85_load            |   9|          2|   32|         64|
    |ap_sig_allocacmp_tmp_V_86_load            |   9|          2|   32|         64|
    |ap_sig_allocacmp_tmp_V_87_load            |   9|          2|   32|         64|
    |ap_sig_allocacmp_tmp_V_88_load            |   9|          2|   32|         64|
    |ap_sig_allocacmp_tmp_V_89_load            |   9|          2|   32|         64|
    |ap_sig_allocacmp_tmp_V_90_load            |   9|          2|   32|         64|
    |ap_sig_allocacmp_tmp_V_91_load            |   9|          2|   32|         64|
    |ap_sig_allocacmp_tmp_V_92_load            |   9|          2|   32|         64|
    |ap_sig_allocacmp_tmp_V_93_load            |   9|          2|   32|         64|
    |ap_sig_allocacmp_tmp_V_94_load            |   9|          2|   32|         64|
    |ap_sig_allocacmp_tmp_V_95_load            |   9|          2|   32|         64|
    |ap_sig_allocacmp_tmp_V_96_load            |   9|          2|   32|         64|
    |ap_sig_allocacmp_tmp_V_97_load            |   9|          2|   32|         64|
    |ap_sig_allocacmp_tmp_V_load               |   9|          2|   32|         64|
    |i_0_i_i_reg_497                           |   9|          2|   32|         64|
    |in_V_V_blk_n                              |   9|          2|    1|          2|
    |nf_assign_fu_370                          |   9|          2|   32|         64|
    |out_V_V_blk_n                             |   9|          2|    1|          2|
    |real_start                                |   9|          2|    1|          2|
    |sf_2_fu_222                               |   9|          2|   32|         64|
    |tile_assign_fu_218                        |  15|          3|   32|         96|
    +------------------------------------------+----+-----------+-----+-----------+
    |Total                                     | 525|        115| 1448|       2963|
    +------------------------------------------+----+-----------+-----+-----------+

    * Register: 
    +------------------------------------------+----+----+-----+-----------+
    |                   Name                   | FF | LUT| Bits| Const Bits|
    +------------------------------------------+----+----+-----+-----------+
    |accu_0_0_V_reg_6670                       |  16|   0|   16|          0|
    |accu_0_1_V_reg_6675                       |  16|   0|   16|          0|
    |accu_0_2_V_reg_6680                       |  16|   0|   16|          0|
    |accu_0_3_V_reg_6685                       |  16|   0|   16|          0|
    |accu_V_0_0_0_i_i_fu_202                   |  16|   0|   16|          0|
    |accu_V_0_1_0_i_i_fu_206                   |  16|   0|   16|          0|
    |accu_V_0_2_0_i_i_fu_210                   |  16|   0|   16|          0|
    |accu_V_0_3_0_i_i_fu_214                   |  16|   0|   16|          0|
    |add_ln120_1_loc_read_reg_5834             |  32|   0|   32|          0|
    |add_ln122_reg_5840                        |  24|   0|   32|          8|
    |add_ln700_514_reg_6090                    |   2|   0|    2|          0|
    |add_ln700_515_reg_6095                    |   2|   0|    2|          0|
    |add_ln700_517_reg_6550                    |  16|   0|   16|          0|
    |add_ln700_520_reg_6555                    |   3|   0|    3|          0|
    |add_ln700_523_reg_6560                    |   3|   0|    3|          0|
    |add_ln700_532_reg_6565                    |   4|   0|    4|          0|
    |add_ln700_540_reg_6570                    |   4|   0|    4|          0|
    |add_ln700_546_reg_6240                    |   2|   0|    2|          0|
    |add_ln700_547_reg_6245                    |   2|   0|    2|          0|
    |add_ln700_549_reg_6575                    |  16|   0|   16|          0|
    |add_ln700_552_reg_6580                    |   3|   0|    3|          0|
    |add_ln700_555_reg_6585                    |   3|   0|    3|          0|
    |add_ln700_564_reg_6590                    |   4|   0|    4|          0|
    |add_ln700_572_reg_6595                    |   4|   0|    4|          0|
    |add_ln700_578_reg_6390                    |   2|   0|    2|          0|
    |add_ln700_579_reg_6395                    |   2|   0|    2|          0|
    |add_ln700_581_reg_6600                    |  16|   0|   16|          0|
    |add_ln700_584_reg_6605                    |   3|   0|    3|          0|
    |add_ln700_587_reg_6610                    |   3|   0|    3|          0|
    |add_ln700_596_reg_6615                    |   4|   0|    4|          0|
    |add_ln700_604_reg_6620                    |   4|   0|    4|          0|
    |add_ln700_610_reg_6540                    |   2|   0|    2|          0|
    |add_ln700_611_reg_6545                    |   2|   0|    2|          0|
    |add_ln700_613_reg_6625                    |  16|   0|   16|          0|
    |add_ln700_616_reg_6630                    |   3|   0|    3|          0|
    |add_ln700_619_reg_6635                    |   3|   0|    3|          0|
    |add_ln700_628_reg_6640                    |   4|   0|    4|          0|
    |add_ln700_636_reg_6645                    |   4|   0|    4|          0|
    |ap_CS_fsm                                 |   4|   0|    4|          0|
    |ap_done_reg                               |   1|   0|    1|          0|
    |ap_enable_reg_pp0_iter0                   |   1|   0|    1|          0|
    |ap_enable_reg_pp0_iter1                   |   1|   0|    1|          0|
    |ap_enable_reg_pp0_iter2                   |   1|   0|    1|          0|
    |ap_enable_reg_pp0_iter3                   |   1|   0|    1|          0|
    |ap_enable_reg_pp0_iter4                   |   1|   0|    1|          0|
    |ap_enable_reg_pp0_iter5                   |   1|   0|    1|          0|
    |ap_phi_reg_pp0_iter1_act_m_val_V_reg_508  |  32|   0|   32|          0|
    |ap_phi_reg_pp0_iter2_act_m_val_V_reg_508  |  32|   0|   32|          0|
    |i_0_i_i_reg_497                           |  32|   0|   32|          0|
    |icmp_ln122_reg_5845                       |   1|   0|    1|          0|
    |icmp_ln125_reg_5854                       |   1|   0|    1|          0|
    |icmp_ln137_reg_5867                       |   1|   0|    1|          0|
    |icmp_ln159_reg_5875                       |   1|   0|    1|          0|
    |inElem_V_2_reg_5858                       |  32|   0|   32|          0|
    |nf_assign_fu_370                          |  32|   0|   32|          0|
    |nf_assign_load_reg_5879                   |  32|   0|   32|          0|
    |nf_reg_5884                               |  32|   0|   32|          0|
    |sf_2_fu_222                               |  32|   0|   32|          0|
    |start_once_reg                            |   1|   0|    1|          0|
    |threshs4_m_threshold_11_reg_6705          |  16|   0|   16|          0|
    |threshs4_m_threshold_5_reg_6690           |  16|   0|   16|          0|
    |threshs4_m_threshold_7_reg_6695           |  16|   0|   16|          0|
    |threshs4_m_threshold_9_reg_6700           |  16|   0|   16|          0|
    |tile_assign_fu_218                        |  32|   0|   32|          0|
    |tmp_V_63_fu_230                           |  32|   0|   32|          0|
    |tmp_V_64_fu_234                           |  32|   0|   32|          0|
    |tmp_V_65_fu_238                           |  32|   0|   32|          0|
    |tmp_V_66_fu_242                           |  32|   0|   32|          0|
    |tmp_V_67_fu_246                           |  32|   0|   32|          0|
    |tmp_V_68_fu_250                           |  32|   0|   32|          0|
    |tmp_V_69_fu_254                           |  32|   0|   32|          0|
    |tmp_V_70_fu_258                           |  32|   0|   32|          0|
    |tmp_V_71_fu_262                           |  32|   0|   32|          0|
    |tmp_V_72_fu_266                           |  32|   0|   32|          0|
    |tmp_V_73_fu_270                           |  32|   0|   32|          0|
    |tmp_V_74_fu_274                           |  32|   0|   32|          0|
    |tmp_V_75_fu_278                           |  32|   0|   32|          0|
    |tmp_V_76_fu_282                           |  32|   0|   32|          0|
    |tmp_V_77_fu_286                           |  32|   0|   32|          0|
    |tmp_V_78_fu_290                           |  32|   0|   32|          0|
    |tmp_V_79_fu_294                           |  32|   0|   32|          0|
    |tmp_V_80_fu_298                           |  32|   0|   32|          0|
    |tmp_V_81_fu_302                           |  32|   0|   32|          0|
    |tmp_V_82_fu_306                           |  32|   0|   32|          0|
    |tmp_V_83_fu_310                           |  32|   0|   32|          0|
    |tmp_V_84_fu_314                           |  32|   0|   32|          0|
    |tmp_V_85_fu_318                           |  32|   0|   32|          0|
    |tmp_V_86_fu_322                           |  32|   0|   32|          0|
    |tmp_V_87_fu_326                           |  32|   0|   32|          0|
    |tmp_V_88_fu_330                           |  32|   0|   32|          0|
    |tmp_V_89_fu_334                           |  32|   0|   32|          0|
    |tmp_V_90_fu_338                           |  32|   0|   32|          0|
    |tmp_V_91_fu_342                           |  32|   0|   32|          0|
    |tmp_V_92_fu_346                           |  32|   0|   32|          0|
    |tmp_V_93_fu_350                           |  32|   0|   32|          0|
    |tmp_V_94_fu_354                           |  32|   0|   32|          0|
    |tmp_V_95_fu_358                           |  32|   0|   32|          0|
    |tmp_V_96_fu_362                           |  32|   0|   32|          0|
    |tmp_V_97_fu_366                           |  32|   0|   32|          0|
    |tmp_V_fu_226                              |  32|   0|   32|          0|
    |trunc_ln321_reg_5863                      |   6|   0|    6|          0|
    |xor_ln879_1024_reg_5950                   |   1|   0|    1|          0|
    |xor_ln879_1026_reg_5955                   |   1|   0|    1|          0|
    |xor_ln879_1028_reg_5960                   |   1|   0|    1|          0|
    |xor_ln879_1030_reg_5965                   |   1|   0|    1|          0|
    |xor_ln879_1032_reg_5970                   |   1|   0|    1|          0|
    |xor_ln879_1034_reg_5975                   |   1|   0|    1|          0|
    |xor_ln879_1036_reg_5980                   |   1|   0|    1|          0|
    |xor_ln879_1038_reg_5985                   |   1|   0|    1|          0|
    |xor_ln879_1040_reg_5990                   |   1|   0|    1|          0|
    |xor_ln879_1042_reg_5995                   |   1|   0|    1|          0|
    |xor_ln879_1044_reg_6000                   |   1|   0|    1|          0|
    |xor_ln879_1046_reg_6005                   |   1|   0|    1|          0|
    |xor_ln879_1048_reg_6010                   |   1|   0|    1|          0|
    |xor_ln879_1050_reg_6015                   |   1|   0|    1|          0|
    |xor_ln879_1052_reg_6020                   |   1|   0|    1|          0|
    |xor_ln879_1054_reg_6025                   |   1|   0|    1|          0|
    |xor_ln879_1056_reg_6030                   |   1|   0|    1|          0|
    |xor_ln879_1058_reg_6035                   |   1|   0|    1|          0|
    |xor_ln879_1060_reg_6040                   |   1|   0|    1|          0|
    |xor_ln879_1062_reg_6045                   |   1|   0|    1|          0|
    |xor_ln879_1064_reg_6050                   |   1|   0|    1|          0|
    |xor_ln879_1066_reg_6055                   |   1|   0|    1|          0|
    |xor_ln879_1068_reg_6060                   |   1|   0|    1|          0|
    |xor_ln879_1074_reg_6065                   |   1|   0|    1|          0|
    |xor_ln879_1080_reg_6070                   |   1|   0|    1|          0|
    |xor_ln879_1082_reg_6075                   |   1|   0|    1|          0|
    |xor_ln879_1084_reg_6080                   |   1|   0|    1|          0|
    |xor_ln879_1086_reg_6085                   |   1|   0|    1|          0|
    |xor_ln879_1088_reg_6100                   |   1|   0|    1|          0|
    |xor_ln879_1090_reg_6105                   |   1|   0|    1|          0|
    |xor_ln879_1092_reg_6110                   |   1|   0|    1|          0|
    |xor_ln879_1094_reg_6115                   |   1|   0|    1|          0|
    |xor_ln879_1096_reg_6120                   |   1|   0|    1|          0|
    |xor_ln879_1098_reg_6125                   |   1|   0|    1|          0|
    |xor_ln879_1100_reg_6130                   |   1|   0|    1|          0|
    |xor_ln879_1102_reg_6135                   |   1|   0|    1|          0|
    |xor_ln879_1104_reg_6140                   |   1|   0|    1|          0|
    |xor_ln879_1106_reg_6145                   |   1|   0|    1|          0|
    |xor_ln879_1108_reg_6150                   |   1|   0|    1|          0|
    |xor_ln879_1110_reg_6155                   |   1|   0|    1|          0|
    |xor_ln879_1112_reg_6160                   |   1|   0|    1|          0|
    |xor_ln879_1114_reg_6165                   |   1|   0|    1|          0|
    |xor_ln879_1116_reg_6170                   |   1|   0|    1|          0|
    |xor_ln879_1118_reg_6175                   |   1|   0|    1|          0|
    |xor_ln879_1120_reg_6180                   |   1|   0|    1|          0|
    |xor_ln879_1122_reg_6185                   |   1|   0|    1|          0|
    |xor_ln879_1124_reg_6190                   |   1|   0|    1|          0|
    |xor_ln879_1126_reg_6195                   |   1|   0|    1|          0|
    |xor_ln879_1128_reg_6200                   |   1|   0|    1|          0|
    |xor_ln879_1130_reg_6205                   |   1|   0|    1|          0|
    |xor_ln879_1132_reg_6210                   |   1|   0|    1|          0|
    |xor_ln879_1138_reg_6215                   |   1|   0|    1|          0|
    |xor_ln879_1144_reg_6220                   |   1|   0|    1|          0|
    |xor_ln879_1146_reg_6225                   |   1|   0|    1|          0|
    |xor_ln879_1148_reg_6230                   |   1|   0|    1|          0|
    |xor_ln879_1150_reg_6235                   |   1|   0|    1|          0|
    |xor_ln879_1152_reg_6250                   |   1|   0|    1|          0|
    |xor_ln879_1154_reg_6255                   |   1|   0|    1|          0|
    |xor_ln879_1156_reg_6260                   |   1|   0|    1|          0|
    |xor_ln879_1158_reg_6265                   |   1|   0|    1|          0|
    |xor_ln879_1160_reg_6270                   |   1|   0|    1|          0|
    |xor_ln879_1162_reg_6275                   |   1|   0|    1|          0|
    |xor_ln879_1164_reg_6280                   |   1|   0|    1|          0|
    |xor_ln879_1166_reg_6285                   |   1|   0|    1|          0|
    |xor_ln879_1168_reg_6290                   |   1|   0|    1|          0|
    |xor_ln879_1170_reg_6295                   |   1|   0|    1|          0|
    |xor_ln879_1172_reg_6300                   |   1|   0|    1|          0|
    |xor_ln879_1174_reg_6305                   |   1|   0|    1|          0|
    |xor_ln879_1176_reg_6310                   |   1|   0|    1|          0|
    |xor_ln879_1178_reg_6315                   |   1|   0|    1|          0|
    |xor_ln879_1180_reg_6320                   |   1|   0|    1|          0|
    |xor_ln879_1182_reg_6325                   |   1|   0|    1|          0|
    |xor_ln879_1184_reg_6330                   |   1|   0|    1|          0|
    |xor_ln879_1186_reg_6335                   |   1|   0|    1|          0|
    |xor_ln879_1188_reg_6340                   |   1|   0|    1|          0|
    |xor_ln879_1190_reg_6345                   |   1|   0|    1|          0|
    |xor_ln879_1192_reg_6350                   |   1|   0|    1|          0|
    |xor_ln879_1194_reg_6355                   |   1|   0|    1|          0|
    |xor_ln879_1196_reg_6360                   |   1|   0|    1|          0|
    |xor_ln879_1202_reg_6365                   |   1|   0|    1|          0|
    |xor_ln879_1208_reg_6370                   |   1|   0|    1|          0|
    |xor_ln879_1210_reg_6375                   |   1|   0|    1|          0|
    |xor_ln879_1212_reg_6380                   |   1|   0|    1|          0|
    |xor_ln879_1214_reg_6385                   |   1|   0|    1|          0|
    |xor_ln879_1216_reg_6400                   |   1|   0|    1|          0|
    |xor_ln879_1218_reg_6405                   |   1|   0|    1|          0|
    |xor_ln879_1220_reg_6410                   |   1|   0|    1|          0|
    |xor_ln879_1222_reg_6415                   |   1|   0|    1|          0|
    |xor_ln879_1224_reg_6420                   |   1|   0|    1|          0|
    |xor_ln879_1226_reg_6425                   |   1|   0|    1|          0|
    |xor_ln879_1228_reg_6430                   |   1|   0|    1|          0|
    |xor_ln879_1230_reg_6435                   |   1|   0|    1|          0|
    |xor_ln879_1232_reg_6440                   |   1|   0|    1|          0|
    |xor_ln879_1234_reg_6445                   |   1|   0|    1|          0|
    |xor_ln879_1236_reg_6450                   |   1|   0|    1|          0|
    |xor_ln879_1238_reg_6455                   |   1|   0|    1|          0|
    |xor_ln879_1240_reg_6460                   |   1|   0|    1|          0|
    |xor_ln879_1242_reg_6465                   |   1|   0|    1|          0|
    |xor_ln879_1244_reg_6470                   |   1|   0|    1|          0|
    |xor_ln879_1246_reg_6475                   |   1|   0|    1|          0|
    |xor_ln879_1248_reg_6480                   |   1|   0|    1|          0|
    |xor_ln879_1250_reg_6485                   |   1|   0|    1|          0|
    |xor_ln879_1252_reg_6490                   |   1|   0|    1|          0|
    |xor_ln879_1254_reg_6495                   |   1|   0|    1|          0|
    |xor_ln879_1256_reg_6500                   |   1|   0|    1|          0|
    |xor_ln879_1258_reg_6505                   |   1|   0|    1|          0|
    |xor_ln879_1260_reg_6510                   |   1|   0|    1|          0|
    |xor_ln879_1266_reg_6515                   |   1|   0|    1|          0|
    |xor_ln879_1272_reg_6520                   |   1|   0|    1|          0|
    |xor_ln879_1274_reg_6525                   |   1|   0|    1|          0|
    |xor_ln879_1276_reg_6530                   |   1|   0|    1|          0|
    |xor_ln879_1278_reg_6535                   |   1|   0|    1|          0|
    |icmp_ln137_reg_5867                       |  64|  32|    1|          0|
    |icmp_ln159_reg_5875                       |  64|  32|    1|          0|
    |nf_assign_load_reg_5879                   |  64|  32|   32|          0|
    +------------------------------------------+----+----+-----+-----------+
    |Total                                     |2150|  96| 2000|          8|
    +------------------------------------------+----+----+-----+-----------+



================================================================
== Interface
================================================================
* Summary: 
+---------------------------------+-----+-----+------------+------------------------+--------------+
|            RTL Ports            | Dir | Bits|  Protocol  |      Source Object     |    C Type    |
+---------------------------------+-----+-----+------------+------------------------+--------------+
|ap_clk                           |  in |    1| ap_ctrl_hs | Matrix_Vector_Activa.7 | return value |
|ap_rst                           |  in |    1| ap_ctrl_hs | Matrix_Vector_Activa.7 | return value |
|ap_start                         |  in |    1| ap_ctrl_hs | Matrix_Vector_Activa.7 | return value |
|start_full_n                     |  in |    1| ap_ctrl_hs | Matrix_Vector_Activa.7 | return value |
|ap_done                          | out |    1| ap_ctrl_hs | Matrix_Vector_Activa.7 | return value |
|ap_continue                      |  in |    1| ap_ctrl_hs | Matrix_Vector_Activa.7 | return value |
|ap_idle                          | out |    1| ap_ctrl_hs | Matrix_Vector_Activa.7 | return value |
|ap_ready                         | out |    1| ap_ctrl_hs | Matrix_Vector_Activa.7 | return value |
|start_out                        | out |    1| ap_ctrl_hs | Matrix_Vector_Activa.7 | return value |
|start_write                      | out |    1| ap_ctrl_hs | Matrix_Vector_Activa.7 | return value |
|in_V_V_dout                      |  in |   32|   ap_fifo  |         in_V_V         |    pointer   |
|in_V_V_empty_n                   |  in |    1|   ap_fifo  |         in_V_V         |    pointer   |
|in_V_V_read                      | out |    1|   ap_fifo  |         in_V_V         |    pointer   |
|out_V_V_din                      | out |    4|   ap_fifo  |         out_V_V        |    pointer   |
|out_V_V_full_n                   |  in |    1|   ap_fifo  |         out_V_V        |    pointer   |
|out_V_V_write                    | out |    1|   ap_fifo  |         out_V_V        |    pointer   |
|add_ln120_1_loc_dout             |  in |   32|   ap_fifo  |     add_ln120_1_loc    |    pointer   |
|add_ln120_1_loc_empty_n          |  in |    1|   ap_fifo  |     add_ln120_1_loc    |    pointer   |
|add_ln120_1_loc_read             | out |    1|   ap_fifo  |     add_ln120_1_loc    |    pointer   |
|weights4_m_weights_V_address0    | out |   12|  ap_memory |  weights4_m_weights_V  |     array    |
|weights4_m_weights_V_ce0         | out |    1|  ap_memory |  weights4_m_weights_V  |     array    |
|weights4_m_weights_V_q0          |  in |   32|  ap_memory |  weights4_m_weights_V  |     array    |
|weights4_m_weights_V_1_address0  | out |   12|  ap_memory | weights4_m_weights_V_1 |     array    |
|weights4_m_weights_V_1_ce0       | out |    1|  ap_memory | weights4_m_weights_V_1 |     array    |
|weights4_m_weights_V_1_q0        |  in |   32|  ap_memory | weights4_m_weights_V_1 |     array    |
|weights4_m_weights_V_2_address0  | out |   12|  ap_memory | weights4_m_weights_V_2 |     array    |
|weights4_m_weights_V_2_ce0       | out |    1|  ap_memory | weights4_m_weights_V_2 |     array    |
|weights4_m_weights_V_2_q0        |  in |   32|  ap_memory | weights4_m_weights_V_2 |     array    |
|weights4_m_weights_V_3_address0  | out |   12|  ap_memory | weights4_m_weights_V_3 |     array    |
|weights4_m_weights_V_3_ce0       | out |    1|  ap_memory | weights4_m_weights_V_3 |     array    |
|weights4_m_weights_V_3_q0        |  in |   32|  ap_memory | weights4_m_weights_V_3 |     array    |
|threshs4_m_threshold_3_address0  | out |    6|  ap_memory | threshs4_m_threshold_3 |     array    |
|threshs4_m_threshold_3_ce0       | out |    1|  ap_memory | threshs4_m_threshold_3 |     array    |
|threshs4_m_threshold_3_q0        |  in |   16|  ap_memory | threshs4_m_threshold_3 |     array    |
|threshs4_m_threshold_2_address0  | out |    6|  ap_memory | threshs4_m_threshold_2 |     array    |
|threshs4_m_threshold_2_ce0       | out |    1|  ap_memory | threshs4_m_threshold_2 |     array    |
|threshs4_m_threshold_2_q0        |  in |   16|  ap_memory | threshs4_m_threshold_2 |     array    |
|threshs4_m_threshold_1_address0  | out |    6|  ap_memory | threshs4_m_threshold_1 |     array    |
|threshs4_m_threshold_1_ce0       | out |    1|  ap_memory | threshs4_m_threshold_1 |     array    |
|threshs4_m_threshold_1_q0        |  in |   16|  ap_memory | threshs4_m_threshold_1 |     array    |
|threshs4_m_threshold_address0    | out |    6|  ap_memory |  threshs4_m_threshold  |     array    |
|threshs4_m_threshold_ce0         | out |    1|  ap_memory |  threshs4_m_threshold  |     array    |
|threshs4_m_threshold_q0          |  in |   16|  ap_memory |  threshs4_m_threshold  |     array    |
+---------------------------------+-----+-----+------------+------------------------+--------------+

