

================================================================
== Vivado HLS Report for 'Matrix_Vector_Activa_2'
================================================================
* Date:           Sat Apr 25 13:07:14 2020

* Version:        2019.2 (Build 2704478 on Wed Nov 06 22:10:23 MST 2019)
* Project:        cnvW1A1-pynqZ1-Z2
* Solution:       sol1
* Product family: zynq
* Target device:  xc7z020-clg400-1


================================================================
== Performance Estimates
================================================================
+ Timing: 
    * Summary: 
    +--------+---------+----------+------------+
    |  Clock |  Target | Estimated| Uncertainty|
    +--------+---------+----------+------------+
    |ap_clk  | 5.00 ns | 6.981 ns |   0.62 ns  |
    +--------+---------+----------+------------+

+ Latency: 
    * Summary: 
    +---------+---------+----------+----------+-----+-----+---------+
    |  Latency (cycles) |  Latency (absolute) |  Interval | Pipeline|
    |   min   |   max   |    min   |    max   | min | max |   Type  |
    +---------+---------+----------+----------+-----+-----+---------+
    |        ?|        ?|         ?|         ?|    ?|    ?|   none  |
    +---------+---------+----------+----------+-----+-----+---------+

    + Detail: 
        * Instance: 
        N/A

        * Loop: 
        +----------+---------+---------+----------+-----------+-----------+------+----------+
        |          |  Latency (cycles) | Iteration|  Initiation Interval  | Trip |          |
        | Loop Name|   min   |   max   |  Latency |  achieved |   target  | Count| Pipelined|
        +----------+---------+---------+----------+-----------+-----------+------+----------+
        |- Loop 1  |        ?|        ?|         4|          1|          1|     ?|    yes   |
        +----------+---------+---------+----------+-----------+-----------+------+----------+



================================================================
== Utilization Estimates
================================================================
* Summary: 
+-----------------+---------+-------+--------+-------+-----+
|       Name      | BRAM_18K| DSP48E|   FF   |  LUT  | URAM|
+-----------------+---------+-------+--------+-------+-----+
|DSP              |        -|      -|       -|      -|    -|
|Expression       |        -|      -|       0|    490|    -|
|FIFO             |        -|      -|       -|      -|    -|
|Instance         |        -|      -|    8838|   2697|    -|
|Memory           |        -|      -|       -|      -|    -|
|Multiplexer      |        -|      -|       -|   4770|    -|
|Register         |        0|      -|    1039|    128|    -|
+-----------------+---------+-------+--------+-------+-----+
|Total            |        0|      0|    9877|   8085|    0|
+-----------------+---------+-------+--------+-------+-----+
|Available        |      280|    220|  106400|  53200|    0|
+-----------------+---------+-------+--------+-------+-----+
|Utilization (%)  |        0|      0|       9|     15|    0|
+-----------------+---------+-------+--------+-------+-----+

+ Detail: 
    * Instance: 
    +---------------------------+----------------------+---------+-------+------+------+-----+
    |          Instance         |        Module        | BRAM_18K| DSP48E|  FF  |  LUT | URAM|
    +---------------------------+----------------------+---------+-------+------+------+-----+
    |BlackBoxJam_mux_5QgW_U393  |BlackBoxJam_mux_5QgW  |        0|      0|  8838|  2697|    0|
    +---------------------------+----------------------+---------+-------+------+------+-----+
    |Total                      |                      |        0|      0|  8838|  2697|    0|
    +---------------------------+----------------------+---------+-------+------+------+-----+

    * DSP48E: 
    N/A

    * Memory: 
    N/A

    * FIFO: 
    N/A

    * Expression: 
    +----------------------------------+----------+-------+---+----+------------+------------+
    |           Variable Name          | Operation| DSP48E| FF| LUT| Bitwidth P0| Bitwidth P1|
    +----------------------------------+----------+-------+---+----+------------+------------+
    |accu_0_0_V_fu_9627_p2             |     +    |      0|  0|  23|          16|          16|
    |accu_0_1_V_fu_9636_p2             |     +    |      0|  0|  23|          16|          16|
    |accu_0_2_V_fu_9645_p2             |     +    |      0|  0|  23|          16|          16|
    |accu_0_3_V_fu_9654_p2             |     +    |      0|  0|  23|          16|          16|
    |i_fu_4315_p2                      |     +    |      0|  0|  39|          32|           1|
    |nf_fu_6936_p2                     |     +    |      0|  0|  39|          32|           1|
    |sf_fu_6916_p2                     |     +    |      0|  0|  39|          32|           1|
    |tile_fu_9513_p2                   |     +    |      0|  0|  39|          32|           1|
    |ap_block_state3_pp0_stage0_iter1  |    and   |      0|  0|   2|           1|           1|
    |ap_block_state5_pp0_stage0_iter3  |    and   |      0|  0|   2|           1|           1|
    |ap_predicate_op1075_read_state3   |    and   |      0|  0|   2|           1|           1|
    |icmp_ln122_fu_4310_p2             |   icmp   |      0|  0|  18|          32|          32|
    |icmp_ln125_fu_4324_p2             |   icmp   |      0|  0|  18|          32|           1|
    |icmp_ln137_fu_6910_p2             |   icmp   |      0|  0|  18|          32|           1|
    |icmp_ln159_fu_6922_p2             |   icmp   |      0|  0|  18|          32|          10|
    |icmp_ln173_fu_9524_p2             |   icmp   |      0|  0|  18|          32|           5|
    |ap_block_pp0_stage0_01001         |    or    |      0|  0|   2|           1|           1|
    |ap_block_state1                   |    or    |      0|  0|   2|           1|           1|
    |select_ln137_34_fu_9603_p3        |  select  |      0|  0|  16|           1|           1|
    |select_ln137_35_fu_9610_p3        |  select  |      0|  0|  16|           1|           1|
    |select_ln137_36_fu_9617_p3        |  select  |      0|  0|  16|           1|           1|
    |select_ln137_fu_9596_p3           |  select  |      0|  0|  16|           1|           1|
    |select_ln173_3_fu_9536_p3         |  select  |      0|  0|  32|           1|           1|
    |select_ln173_fu_9529_p3           |  select  |      0|  0|  32|           1|           1|
    |ap_enable_pp0                     |    xor   |      0|  0|   2|           1|           2|
    |ap_enable_reg_pp0_iter1           |    xor   |      0|  0|   2|           2|           1|
    |xor_ln879_1364_fu_9560_p2         |    xor   |      0|  0|   2|           1|           1|
    |xor_ln879_1365_fu_9566_p2         |    xor   |      0|  0|   2|           1|           1|
    |xor_ln879_1366_fu_9572_p2         |    xor   |      0|  0|   2|           1|           1|
    |xor_ln879_1367_fu_9578_p2         |    xor   |      0|  0|   2|           1|           1|
    |xor_ln879_fu_9554_p2              |    xor   |      0|  0|   2|           1|           2|
    +----------------------------------+----------+-------+---+----+------------+------------+
    |Total                             |          |      0|  0| 490|         371|         137|
    +----------------------------------+----------+-------+---+----+------------+------------+

    * Multiplexer: 
    +----------------------------------------+----+-----------+-----+-----------+
    |                  Name                  | LUT| Input Size| Bits| Total Bits|
    +----------------------------------------+----+-----------+-----+-----------+
    |ap_NS_fsm                               |  21|          4|    1|          4|
    |ap_done                                 |   9|          2|    1|          2|
    |ap_enable_reg_pp0_iter1                 |   9|          2|    1|          2|
    |ap_enable_reg_pp0_iter3                 |   9|          2|    1|          2|
    |ap_phi_mux_p_Val2_s_phi_fu_3261_p1026   |   9|          2|    1|          2|
    |ap_phi_reg_pp0_iter2_p_Val2_s_reg_3258  |   9|          2|    1|          2|
    |ap_sig_allocacmp_nf_0_i_load            |   9|          2|   32|         64|
    |ap_sig_allocacmp_nf_0_i_load_1          |   9|          2|   32|         64|
    |ap_sig_allocacmp_tmp_V_308_load         |   9|          2|    1|          2|
    |ap_sig_allocacmp_tmp_V_309_load         |   9|          2|    1|          2|
    |ap_sig_allocacmp_tmp_V_310_load         |   9|          2|    1|          2|
    |ap_sig_allocacmp_tmp_V_311_load         |   9|          2|    1|          2|
    |ap_sig_allocacmp_tmp_V_312_load         |   9|          2|    1|          2|
    |ap_sig_allocacmp_tmp_V_313_load         |   9|          2|    1|          2|
    |ap_sig_allocacmp_tmp_V_314_load         |   9|          2|    1|          2|
    |ap_sig_allocacmp_tmp_V_315_load         |   9|          2|    1|          2|
    |ap_sig_allocacmp_tmp_V_316_load         |   9|          2|    1|          2|
    |ap_sig_allocacmp_tmp_V_317_load         |   9|          2|    1|          2|
    |ap_sig_allocacmp_tmp_V_318_load         |   9|          2|    1|          2|
    |ap_sig_allocacmp_tmp_V_319_load         |   9|          2|    1|          2|
    |ap_sig_allocacmp_tmp_V_320_load         |   9|          2|    1|          2|
    |ap_sig_allocacmp_tmp_V_321_load         |   9|          2|    1|          2|
    |ap_sig_allocacmp_tmp_V_322_load         |   9|          2|    1|          2|
    |ap_sig_allocacmp_tmp_V_323_load         |   9|          2|    1|          2|
    |ap_sig_allocacmp_tmp_V_324_load         |   9|          2|    1|          2|
    |ap_sig_allocacmp_tmp_V_325_load         |   9|          2|    1|          2|
    |ap_sig_allocacmp_tmp_V_326_load         |   9|          2|    1|          2|
    |ap_sig_allocacmp_tmp_V_327_load         |   9|          2|    1|          2|
    |ap_sig_allocacmp_tmp_V_328_load         |   9|          2|    1|          2|
    |ap_sig_allocacmp_tmp_V_329_load         |   9|          2|    1|          2|
    |ap_sig_allocacmp_tmp_V_330_load         |   9|          2|    1|          2|
    |ap_sig_allocacmp_tmp_V_331_load         |   9|          2|    1|          2|
    |ap_sig_allocacmp_tmp_V_332_load         |   9|          2|    1|          2|
    |ap_sig_allocacmp_tmp_V_333_load         |   9|          2|    1|          2|
    |ap_sig_allocacmp_tmp_V_334_load         |   9|          2|    1|          2|
    |ap_sig_allocacmp_tmp_V_335_load         |   9|          2|    1|          2|
    |ap_sig_allocacmp_tmp_V_336_load         |   9|          2|    1|          2|
    |ap_sig_allocacmp_tmp_V_337_load         |   9|          2|    1|          2|
    |ap_sig_allocacmp_tmp_V_338_load         |   9|          2|    1|          2|
    |ap_sig_allocacmp_tmp_V_339_load         |   9|          2|    1|          2|
    |ap_sig_allocacmp_tmp_V_340_load         |   9|          2|    1|          2|
    |ap_sig_allocacmp_tmp_V_341_load         |   9|          2|    1|          2|
    |ap_sig_allocacmp_tmp_V_342_load         |   9|          2|    1|          2|
    |ap_sig_allocacmp_tmp_V_343_load         |   9|          2|    1|          2|
    |ap_sig_allocacmp_tmp_V_344_load         |   9|          2|    1|          2|
    |ap_sig_allocacmp_tmp_V_345_load         |   9|          2|    1|          2|
    |ap_sig_allocacmp_tmp_V_346_load         |   9|          2|    1|          2|
    |ap_sig_allocacmp_tmp_V_347_load         |   9|          2|    1|          2|
    |ap_sig_allocacmp_tmp_V_348_load         |   9|          2|    1|          2|
    |ap_sig_allocacmp_tmp_V_349_load         |   9|          2|    1|          2|
    |ap_sig_allocacmp_tmp_V_350_load         |   9|          2|    1|          2|
    |ap_sig_allocacmp_tmp_V_351_load         |   9|          2|    1|          2|
    |ap_sig_allocacmp_tmp_V_352_load         |   9|          2|    1|          2|
    |ap_sig_allocacmp_tmp_V_353_load         |   9|          2|    1|          2|
    |ap_sig_allocacmp_tmp_V_354_load         |   9|          2|    1|          2|
    |ap_sig_allocacmp_tmp_V_355_load         |   9|          2|    1|          2|
    |ap_sig_allocacmp_tmp_V_356_load         |   9|          2|    1|          2|
    |ap_sig_allocacmp_tmp_V_357_load         |   9|          2|    1|          2|
    |ap_sig_allocacmp_tmp_V_358_load         |   9|          2|    1|          2|
    |ap_sig_allocacmp_tmp_V_359_load         |   9|          2|    1|          2|
    |ap_sig_allocacmp_tmp_V_360_load         |   9|          2|    1|          2|
    |ap_sig_allocacmp_tmp_V_361_load         |   9|          2|    1|          2|
    |ap_sig_allocacmp_tmp_V_362_load         |   9|          2|    1|          2|
    |ap_sig_allocacmp_tmp_V_363_load         |   9|          2|    1|          2|
    |ap_sig_allocacmp_tmp_V_364_load         |   9|          2|    1|          2|
    |ap_sig_allocacmp_tmp_V_365_load         |   9|          2|    1|          2|
    |ap_sig_allocacmp_tmp_V_366_load         |   9|          2|    1|          2|
    |ap_sig_allocacmp_tmp_V_367_load         |   9|          2|    1|          2|
    |ap_sig_allocacmp_tmp_V_368_load         |   9|          2|    1|          2|
    |ap_sig_allocacmp_tmp_V_369_load         |   9|          2|    1|          2|
    |ap_sig_allocacmp_tmp_V_370_load         |   9|          2|    1|          2|
    |ap_sig_allocacmp_tmp_V_371_load         |   9|          2|    1|          2|
    |ap_sig_allocacmp_tmp_V_372_load         |   9|          2|    1|          2|
    |ap_sig_allocacmp_tmp_V_373_load         |   9|          2|    1|          2|
    |ap_sig_allocacmp_tmp_V_374_load         |   9|          2|    1|          2|
    |ap_sig_allocacmp_tmp_V_375_load         |   9|          2|    1|          2|
    |ap_sig_allocacmp_tmp_V_376_load         |   9|          2|    1|          2|
    |ap_sig_allocacmp_tmp_V_377_load         |   9|          2|    1|          2|
    |ap_sig_allocacmp_tmp_V_378_load         |   9|          2|    1|          2|
    |ap_sig_allocacmp_tmp_V_379_load         |   9|          2|    1|          2|
    |ap_sig_allocacmp_tmp_V_380_load         |   9|          2|    1|          2|
    |ap_sig_allocacmp_tmp_V_381_load         |   9|          2|    1|          2|
    |ap_sig_allocacmp_tmp_V_382_load         |   9|          2|    1|          2|
    |ap_sig_allocacmp_tmp_V_383_load         |   9|          2|    1|          2|
    |ap_sig_allocacmp_tmp_V_384_load         |   9|          2|    1|          2|
    |ap_sig_allocacmp_tmp_V_385_load         |   9|          2|    1|          2|
    |ap_sig_allocacmp_tmp_V_386_load         |   9|          2|    1|          2|
    |ap_sig_allocacmp_tmp_V_387_load         |   9|          2|    1|          2|
    |ap_sig_allocacmp_tmp_V_388_load         |   9|          2|    1|          2|
    |ap_sig_allocacmp_tmp_V_389_load         |   9|          2|    1|          2|
    |ap_sig_allocacmp_tmp_V_390_load         |   9|          2|    1|          2|
    |ap_sig_allocacmp_tmp_V_391_load         |   9|          2|    1|          2|
    |ap_sig_allocacmp_tmp_V_392_load         |   9|          2|    1|          2|
    |ap_sig_allocacmp_tmp_V_393_load         |   9|          2|    1|          2|
    |ap_sig_allocacmp_tmp_V_394_load         |   9|          2|    1|          2|
    |ap_sig_allocacmp_tmp_V_395_load         |   9|          2|    1|          2|
    |ap_sig_allocacmp_tmp_V_396_load         |   9|          2|    1|          2|
    |ap_sig_allocacmp_tmp_V_397_load         |   9|          2|    1|          2|
    |ap_sig_allocacmp_tmp_V_398_load         |   9|          2|    1|          2|
    |ap_sig_allocacmp_tmp_V_399_load         |   9|          2|    1|          2|
    |ap_sig_allocacmp_tmp_V_400_load         |   9|          2|    1|          2|
    |ap_sig_allocacmp_tmp_V_401_load         |   9|          2|    1|          2|
    |ap_sig_allocacmp_tmp_V_402_load         |   9|          2|    1|          2|
    |ap_sig_allocacmp_tmp_V_403_load         |   9|          2|    1|          2|
    |ap_sig_allocacmp_tmp_V_404_load         |   9|          2|    1|          2|
    |ap_sig_allocacmp_tmp_V_405_load         |   9|          2|    1|          2|
    |ap_sig_allocacmp_tmp_V_406_load         |   9|          2|    1|          2|
    |ap_sig_allocacmp_tmp_V_407_load         |   9|          2|    1|          2|
    |ap_sig_allocacmp_tmp_V_408_load         |   9|          2|    1|          2|
    |ap_sig_allocacmp_tmp_V_409_load         |   9|          2|    1|          2|
    |ap_sig_allocacmp_tmp_V_410_load         |   9|          2|    1|          2|
    |ap_sig_allocacmp_tmp_V_411_load         |   9|          2|    1|          2|
    |ap_sig_allocacmp_tmp_V_412_load         |   9|          2|    1|          2|
    |ap_sig_allocacmp_tmp_V_413_load         |   9|          2|    1|          2|
    |ap_sig_allocacmp_tmp_V_414_load         |   9|          2|    1|          2|
    |ap_sig_allocacmp_tmp_V_415_load         |   9|          2|    1|          2|
    |ap_sig_allocacmp_tmp_V_416_load         |   9|          2|    1|          2|
    |ap_sig_allocacmp_tmp_V_417_load         |   9|          2|    1|          2|
    |ap_sig_allocacmp_tmp_V_418_load         |   9|          2|    1|          2|
    |ap_sig_allocacmp_tmp_V_419_load         |   9|          2|    1|          2|
    |ap_sig_allocacmp_tmp_V_420_load         |   9|          2|    1|          2|
    |ap_sig_allocacmp_tmp_V_421_load         |   9|          2|    1|          2|
    |ap_sig_allocacmp_tmp_V_422_load         |   9|          2|    1|          2|
    |ap_sig_allocacmp_tmp_V_423_load         |   9|          2|    1|          2|
    |ap_sig_allocacmp_tmp_V_424_load         |   9|          2|    1|          2|
    |ap_sig_allocacmp_tmp_V_425_load         |   9|          2|    1|          2|
    |ap_sig_allocacmp_tmp_V_426_load         |   9|          2|    1|          2|
    |ap_sig_allocacmp_tmp_V_427_load         |   9|          2|    1|          2|
    |ap_sig_allocacmp_tmp_V_428_load         |   9|          2|    1|          2|
    |ap_sig_allocacmp_tmp_V_429_load         |   9|          2|    1|          2|
    |ap_sig_allocacmp_tmp_V_430_load         |   9|          2|    1|          2|
    |ap_sig_allocacmp_tmp_V_431_load         |   9|          2|    1|          2|
    |ap_sig_allocacmp_tmp_V_432_load         |   9|          2|    1|          2|
    |ap_sig_allocacmp_tmp_V_433_load         |   9|          2|    1|          2|
    |ap_sig_allocacmp_tmp_V_434_load         |   9|          2|    1|          2|
    |ap_sig_allocacmp_tmp_V_435_load         |   9|          2|    1|          2|
    |ap_sig_allocacmp_tmp_V_436_load         |   9|          2|    1|          2|
    |ap_sig_allocacmp_tmp_V_437_load         |   9|          2|    1|          2|
    |ap_sig_allocacmp_tmp_V_438_load         |   9|          2|    1|          2|
    |ap_sig_allocacmp_tmp_V_439_load         |   9|          2|    1|          2|
    |ap_sig_allocacmp_tmp_V_440_load         |   9|          2|    1|          2|
    |ap_sig_allocacmp_tmp_V_441_load         |   9|          2|    1|          2|
    |ap_sig_allocacmp_tmp_V_442_load         |   9|          2|    1|          2|
    |ap_sig_allocacmp_tmp_V_443_load         |   9|          2|    1|          2|
    |ap_sig_allocacmp_tmp_V_444_load         |   9|          2|    1|          2|
    |ap_sig_allocacmp_tmp_V_445_load         |   9|          2|    1|          2|
    |ap_sig_allocacmp_tmp_V_446_load         |   9|          2|    1|          2|
    |ap_sig_allocacmp_tmp_V_447_load         |   9|          2|    1|          2|
    |ap_sig_allocacmp_tmp_V_448_load         |   9|          2|    1|          2|
    |ap_sig_allocacmp_tmp_V_449_load         |   9|          2|    1|          2|
    |ap_sig_allocacmp_tmp_V_450_load         |   9|          2|    1|          2|
    |ap_sig_allocacmp_tmp_V_451_load         |   9|          2|    1|          2|
    |ap_sig_allocacmp_tmp_V_452_load         |   9|          2|    1|          2|
    |ap_sig_allocacmp_tmp_V_453_load         |   9|          2|    1|          2|
    |ap_sig_allocacmp_tmp_V_454_load         |   9|          2|    1|          2|
    |ap_sig_allocacmp_tmp_V_455_load         |   9|          2|    1|          2|
    |ap_sig_allocacmp_tmp_V_456_load         |   9|          2|    1|          2|
    |ap_sig_allocacmp_tmp_V_457_load         |   9|          2|    1|          2|
    |ap_sig_allocacmp_tmp_V_458_load         |   9|          2|    1|          2|
    |ap_sig_allocacmp_tmp_V_459_load         |   9|          2|    1|          2|
    |ap_sig_allocacmp_tmp_V_460_load         |   9|          2|    1|          2|
    |ap_sig_allocacmp_tmp_V_461_load         |   9|          2|    1|          2|
    |ap_sig_allocacmp_tmp_V_462_load         |   9|          2|    1|          2|
    |ap_sig_allocacmp_tmp_V_463_load         |   9|          2|    1|          2|
    |ap_sig_allocacmp_tmp_V_464_load         |   9|          2|    1|          2|
    |ap_sig_allocacmp_tmp_V_465_load         |   9|          2|    1|          2|
    |ap_sig_allocacmp_tmp_V_466_load         |   9|          2|    1|          2|
    |ap_sig_allocacmp_tmp_V_467_load         |   9|          2|    1|          2|
    |ap_sig_allocacmp_tmp_V_468_load         |   9|          2|    1|          2|
    |ap_sig_allocacmp_tmp_V_469_load         |   9|          2|    1|          2|
    |ap_sig_allocacmp_tmp_V_470_load         |   9|          2|    1|          2|
    |ap_sig_allocacmp_tmp_V_471_load         |   9|          2|    1|          2|
    |ap_sig_allocacmp_tmp_V_472_load         |   9|          2|    1|          2|
    |ap_sig_allocacmp_tmp_V_473_load         |   9|          2|    1|          2|
    |ap_sig_allocacmp_tmp_V_474_load         |   9|          2|    1|          2|
    |ap_sig_allocacmp_tmp_V_475_load         |   9|          2|    1|          2|
    |ap_sig_allocacmp_tmp_V_476_load         |   9|          2|    1|          2|
    |ap_sig_allocacmp_tmp_V_477_load         |   9|          2|    1|          2|
    |ap_sig_allocacmp_tmp_V_478_load         |   9|          2|    1|          2|
    |ap_sig_allocacmp_tmp_V_479_load         |   9|          2|    1|          2|
    |ap_sig_allocacmp_tmp_V_480_load         |   9|          2|    1|          2|
    |ap_sig_allocacmp_tmp_V_481_load         |   9|          2|    1|          2|
    |ap_sig_allocacmp_tmp_V_482_load         |   9|          2|    1|          2|
    |ap_sig_allocacmp_tmp_V_483_load         |   9|          2|    1|          2|
    |ap_sig_allocacmp_tmp_V_484_load         |   9|          2|    1|          2|
    |ap_sig_allocacmp_tmp_V_485_load         |   9|          2|    1|          2|
    |ap_sig_allocacmp_tmp_V_486_load         |   9|          2|    1|          2|
    |ap_sig_allocacmp_tmp_V_487_load         |   9|          2|    1|          2|
    |ap_sig_allocacmp_tmp_V_488_load         |   9|          2|    1|          2|
    |ap_sig_allocacmp_tmp_V_489_load         |   9|          2|    1|          2|
    |ap_sig_allocacmp_tmp_V_490_load         |   9|          2|    1|          2|
    |ap_sig_allocacmp_tmp_V_491_load         |   9|          2|    1|          2|
    |ap_sig_allocacmp_tmp_V_492_load         |   9|          2|    1|          2|
    |ap_sig_allocacmp_tmp_V_493_load         |   9|          2|    1|          2|
    |ap_sig_allocacmp_tmp_V_494_load         |   9|          2|    1|          2|
    |ap_sig_allocacmp_tmp_V_495_load         |   9|          2|    1|          2|
    |ap_sig_allocacmp_tmp_V_496_load         |   9|          2|    1|          2|
    |ap_sig_allocacmp_tmp_V_497_load         |   9|          2|    1|          2|
    |ap_sig_allocacmp_tmp_V_498_load         |   9|          2|    1|          2|
    |ap_sig_allocacmp_tmp_V_499_load         |   9|          2|    1|          2|
    |ap_sig_allocacmp_tmp_V_500_load         |   9|          2|    1|          2|
    |ap_sig_allocacmp_tmp_V_501_load         |   9|          2|    1|          2|
    |ap_sig_allocacmp_tmp_V_502_load         |   9|          2|    1|          2|
    |ap_sig_allocacmp_tmp_V_503_load         |   9|          2|    1|          2|
    |ap_sig_allocacmp_tmp_V_504_load         |   9|          2|    1|          2|
    |ap_sig_allocacmp_tmp_V_505_load         |   9|          2|    1|          2|
    |ap_sig_allocacmp_tmp_V_506_load         |   9|          2|    1|          2|
    |ap_sig_allocacmp_tmp_V_507_load         |   9|          2|    1|          2|
    |ap_sig_allocacmp_tmp_V_508_load         |   9|          2|    1|          2|
    |ap_sig_allocacmp_tmp_V_509_load         |   9|          2|    1|          2|
    |ap_sig_allocacmp_tmp_V_510_load         |   9|          2|    1|          2|
    |ap_sig_allocacmp_tmp_V_511_load         |   9|          2|    1|          2|
    |ap_sig_allocacmp_tmp_V_512_load         |   9|          2|    1|          2|
    |ap_sig_allocacmp_tmp_V_513_load         |   9|          2|    1|          2|
    |ap_sig_allocacmp_tmp_V_514_load         |   9|          2|    1|          2|
    |ap_sig_allocacmp_tmp_V_515_load         |   9|          2|    1|          2|
    |ap_sig_allocacmp_tmp_V_516_load         |   9|          2|    1|          2|
    |ap_sig_allocacmp_tmp_V_517_load         |   9|          2|    1|          2|
    |ap_sig_allocacmp_tmp_V_518_load         |   9|          2|    1|          2|
    |ap_sig_allocacmp_tmp_V_519_load         |   9|          2|    1|          2|
    |ap_sig_allocacmp_tmp_V_520_load         |   9|          2|    1|          2|
    |ap_sig_allocacmp_tmp_V_521_load         |   9|          2|    1|          2|
    |ap_sig_allocacmp_tmp_V_522_load         |   9|          2|    1|          2|
    |ap_sig_allocacmp_tmp_V_523_load         |   9|          2|    1|          2|
    |ap_sig_allocacmp_tmp_V_524_load         |   9|          2|    1|          2|
    |ap_sig_allocacmp_tmp_V_525_load         |   9|          2|    1|          2|
    |ap_sig_allocacmp_tmp_V_526_load         |   9|          2|    1|          2|
    |ap_sig_allocacmp_tmp_V_527_load         |   9|          2|    1|          2|
    |ap_sig_allocacmp_tmp_V_528_load         |   9|          2|    1|          2|
    |ap_sig_allocacmp_tmp_V_529_load         |   9|          2|    1|          2|
    |ap_sig_allocacmp_tmp_V_530_load         |   9|          2|    1|          2|
    |ap_sig_allocacmp_tmp_V_531_load         |   9|          2|    1|          2|
    |ap_sig_allocacmp_tmp_V_532_load         |   9|          2|    1|          2|
    |ap_sig_allocacmp_tmp_V_533_load         |   9|          2|    1|          2|
    |ap_sig_allocacmp_tmp_V_534_load         |   9|          2|    1|          2|
    |ap_sig_allocacmp_tmp_V_535_load         |   9|          2|    1|          2|
    |ap_sig_allocacmp_tmp_V_536_load         |   9|          2|    1|          2|
    |ap_sig_allocacmp_tmp_V_537_load         |   9|          2|    1|          2|
    |ap_sig_allocacmp_tmp_V_538_load         |   9|          2|    1|          2|
    |ap_sig_allocacmp_tmp_V_539_load         |   9|          2|    1|          2|
    |ap_sig_allocacmp_tmp_V_540_load         |   9|          2|    1|          2|
    |ap_sig_allocacmp_tmp_V_541_load         |   9|          2|    1|          2|
    |ap_sig_allocacmp_tmp_V_542_load         |   9|          2|    1|          2|
    |ap_sig_allocacmp_tmp_V_543_load         |   9|          2|    1|          2|
    |ap_sig_allocacmp_tmp_V_544_load         |   9|          2|    1|          2|
    |ap_sig_allocacmp_tmp_V_545_load         |   9|          2|    1|          2|
    |ap_sig_allocacmp_tmp_V_546_load         |   9|          2|    1|          2|
    |ap_sig_allocacmp_tmp_V_547_load         |   9|          2|    1|          2|
    |ap_sig_allocacmp_tmp_V_548_load         |   9|          2|    1|          2|
    |ap_sig_allocacmp_tmp_V_549_load         |   9|          2|    1|          2|
    |ap_sig_allocacmp_tmp_V_550_load         |   9|          2|    1|          2|
    |ap_sig_allocacmp_tmp_V_551_load         |   9|          2|    1|          2|
    |ap_sig_allocacmp_tmp_V_552_load         |   9|          2|    1|          2|
    |ap_sig_allocacmp_tmp_V_553_load         |   9|          2|    1|          2|
    |ap_sig_allocacmp_tmp_V_554_load         |   9|          2|    1|          2|
    |ap_sig_allocacmp_tmp_V_555_load         |   9|          2|    1|          2|
    |ap_sig_allocacmp_tmp_V_556_load         |   9|          2|    1|          2|
    |ap_sig_allocacmp_tmp_V_557_load         |   9|          2|    1|          2|
    |ap_sig_allocacmp_tmp_V_558_load         |   9|          2|    1|          2|
    |ap_sig_allocacmp_tmp_V_559_load         |   9|          2|    1|          2|
    |ap_sig_allocacmp_tmp_V_560_load         |   9|          2|    1|          2|
    |ap_sig_allocacmp_tmp_V_561_load         |   9|          2|    1|          2|
    |ap_sig_allocacmp_tmp_V_562_load         |   9|          2|    1|          2|
    |ap_sig_allocacmp_tmp_V_563_load         |   9|          2|    1|          2|
    |ap_sig_allocacmp_tmp_V_564_load         |   9|          2|    1|          2|
    |ap_sig_allocacmp_tmp_V_565_load         |   9|          2|    1|          2|
    |ap_sig_allocacmp_tmp_V_566_load         |   9|          2|    1|          2|
    |ap_sig_allocacmp_tmp_V_567_load         |   9|          2|    1|          2|
    |ap_sig_allocacmp_tmp_V_568_load         |   9|          2|    1|          2|
    |ap_sig_allocacmp_tmp_V_569_load         |   9|          2|    1|          2|
    |ap_sig_allocacmp_tmp_V_570_load         |   9|          2|    1|          2|
    |ap_sig_allocacmp_tmp_V_571_load         |   9|          2|    1|          2|
    |ap_sig_allocacmp_tmp_V_572_load         |   9|          2|    1|          2|
    |ap_sig_allocacmp_tmp_V_573_load         |   9|          2|    1|          2|
    |ap_sig_allocacmp_tmp_V_574_load         |   9|          2|    1|          2|
    |ap_sig_allocacmp_tmp_V_575_load         |   9|          2|    1|          2|
    |ap_sig_allocacmp_tmp_V_576_load         |   9|          2|    1|          2|
    |ap_sig_allocacmp_tmp_V_577_load         |   9|          2|    1|          2|
    |ap_sig_allocacmp_tmp_V_578_load         |   9|          2|    1|          2|
    |ap_sig_allocacmp_tmp_V_579_load         |   9|          2|    1|          2|
    |ap_sig_allocacmp_tmp_V_580_load         |   9|          2|    1|          2|
    |ap_sig_allocacmp_tmp_V_581_load         |   9|          2|    1|          2|
    |ap_sig_allocacmp_tmp_V_582_load         |   9|          2|    1|          2|
    |ap_sig_allocacmp_tmp_V_583_load         |   9|          2|    1|          2|
    |ap_sig_allocacmp_tmp_V_584_load         |   9|          2|    1|          2|
    |ap_sig_allocacmp_tmp_V_585_load         |   9|          2|    1|          2|
    |ap_sig_allocacmp_tmp_V_586_load         |   9|          2|    1|          2|
    |ap_sig_allocacmp_tmp_V_587_load         |   9|          2|    1|          2|
    |ap_sig_allocacmp_tmp_V_588_load         |   9|          2|    1|          2|
    |ap_sig_allocacmp_tmp_V_589_load         |   9|          2|    1|          2|
    |ap_sig_allocacmp_tmp_V_590_load         |   9|          2|    1|          2|
    |ap_sig_allocacmp_tmp_V_591_load         |   9|          2|    1|          2|
    |ap_sig_allocacmp_tmp_V_592_load         |   9|          2|    1|          2|
    |ap_sig_allocacmp_tmp_V_593_load         |   9|          2|    1|          2|
    |ap_sig_allocacmp_tmp_V_594_load         |   9|          2|    1|          2|
    |ap_sig_allocacmp_tmp_V_595_load         |   9|          2|    1|          2|
    |ap_sig_allocacmp_tmp_V_596_load         |   9|          2|    1|          2|
    |ap_sig_allocacmp_tmp_V_597_load         |   9|          2|    1|          2|
    |ap_sig_allocacmp_tmp_V_598_load         |   9|          2|    1|          2|
    |ap_sig_allocacmp_tmp_V_599_load         |   9|          2|    1|          2|
    |ap_sig_allocacmp_tmp_V_600_load         |   9|          2|    1|          2|
    |ap_sig_allocacmp_tmp_V_601_load         |   9|          2|    1|          2|
    |ap_sig_allocacmp_tmp_V_602_load         |   9|          2|    1|          2|
    |ap_sig_allocacmp_tmp_V_603_load         |   9|          2|    1|          2|
    |ap_sig_allocacmp_tmp_V_604_load         |   9|          2|    1|          2|
    |ap_sig_allocacmp_tmp_V_605_load         |   9|          2|    1|          2|
    |ap_sig_allocacmp_tmp_V_606_load         |   9|          2|    1|          2|
    |ap_sig_allocacmp_tmp_V_607_load         |   9|          2|    1|          2|
    |ap_sig_allocacmp_tmp_V_608_load         |   9|          2|    1|          2|
    |ap_sig_allocacmp_tmp_V_609_load         |   9|          2|    1|          2|
    |ap_sig_allocacmp_tmp_V_610_load         |   9|          2|    1|          2|
    |ap_sig_allocacmp_tmp_V_611_load         |   9|          2|    1|          2|
    |ap_sig_allocacmp_tmp_V_612_load         |   9|          2|    1|          2|
    |ap_sig_allocacmp_tmp_V_613_load         |   9|          2|    1|          2|
    |ap_sig_allocacmp_tmp_V_614_load         |   9|          2|    1|          2|
    |ap_sig_allocacmp_tmp_V_615_load         |   9|          2|    1|          2|
    |ap_sig_allocacmp_tmp_V_616_load         |   9|          2|    1|          2|
    |ap_sig_allocacmp_tmp_V_617_load         |   9|          2|    1|          2|
    |ap_sig_allocacmp_tmp_V_618_load         |   9|          2|    1|          2|
    |ap_sig_allocacmp_tmp_V_619_load         |   9|          2|    1|          2|
    |ap_sig_allocacmp_tmp_V_620_load         |   9|          2|    1|          2|
    |ap_sig_allocacmp_tmp_V_621_load         |   9|          2|    1|          2|
    |ap_sig_allocacmp_tmp_V_622_load         |   9|          2|    1|          2|
    |ap_sig_allocacmp_tmp_V_623_load         |   9|          2|    1|          2|
    |ap_sig_allocacmp_tmp_V_624_load         |   9|          2|    1|          2|
    |ap_sig_allocacmp_tmp_V_625_load         |   9|          2|    1|          2|
    |ap_sig_allocacmp_tmp_V_626_load         |   9|          2|    1|          2|
    |ap_sig_allocacmp_tmp_V_627_load         |   9|          2|    1|          2|
    |ap_sig_allocacmp_tmp_V_628_load         |   9|          2|    1|          2|
    |ap_sig_allocacmp_tmp_V_629_load         |   9|          2|    1|          2|
    |ap_sig_allocacmp_tmp_V_630_load         |   9|          2|    1|          2|
    |ap_sig_allocacmp_tmp_V_631_load         |   9|          2|    1|          2|
    |ap_sig_allocacmp_tmp_V_632_load         |   9|          2|    1|          2|
    |ap_sig_allocacmp_tmp_V_633_load         |   9|          2|    1|          2|
    |ap_sig_allocacmp_tmp_V_634_load         |   9|          2|    1|          2|
    |ap_sig_allocacmp_tmp_V_635_load         |   9|          2|    1|          2|
    |ap_sig_allocacmp_tmp_V_636_load         |   9|          2|    1|          2|
    |ap_sig_allocacmp_tmp_V_637_load         |   9|          2|    1|          2|
    |ap_sig_allocacmp_tmp_V_638_load         |   9|          2|    1|          2|
    |ap_sig_allocacmp_tmp_V_639_load         |   9|          2|    1|          2|
    |ap_sig_allocacmp_tmp_V_640_load         |   9|          2|    1|          2|
    |ap_sig_allocacmp_tmp_V_641_load         |   9|          2|    1|          2|
    |ap_sig_allocacmp_tmp_V_642_load         |   9|          2|    1|          2|
    |ap_sig_allocacmp_tmp_V_643_load         |   9|          2|    1|          2|
    |ap_sig_allocacmp_tmp_V_644_load         |   9|          2|    1|          2|
    |ap_sig_allocacmp_tmp_V_645_load         |   9|          2|    1|          2|
    |ap_sig_allocacmp_tmp_V_646_load         |   9|          2|    1|          2|
    |ap_sig_allocacmp_tmp_V_647_load         |   9|          2|    1|          2|
    |ap_sig_allocacmp_tmp_V_648_load         |   9|          2|    1|          2|
    |ap_sig_allocacmp_tmp_V_649_load         |   9|          2|    1|          2|
    |ap_sig_allocacmp_tmp_V_650_load         |   9|          2|    1|          2|
    |ap_sig_allocacmp_tmp_V_651_load         |   9|          2|    1|          2|
    |ap_sig_allocacmp_tmp_V_652_load         |   9|          2|    1|          2|
    |ap_sig_allocacmp_tmp_V_653_load         |   9|          2|    1|          2|
    |ap_sig_allocacmp_tmp_V_654_load         |   9|          2|    1|          2|
    |ap_sig_allocacmp_tmp_V_655_load         |   9|          2|    1|          2|
    |ap_sig_allocacmp_tmp_V_656_load         |   9|          2|    1|          2|
    |ap_sig_allocacmp_tmp_V_657_load         |   9|          2|    1|          2|
    |ap_sig_allocacmp_tmp_V_658_load         |   9|          2|    1|          2|
    |ap_sig_allocacmp_tmp_V_659_load         |   9|          2|    1|          2|
    |ap_sig_allocacmp_tmp_V_660_load         |   9|          2|    1|          2|
    |ap_sig_allocacmp_tmp_V_661_load         |   9|          2|    1|          2|
    |ap_sig_allocacmp_tmp_V_662_load         |   9|          2|    1|          2|
    |ap_sig_allocacmp_tmp_V_663_load         |   9|          2|    1|          2|
    |ap_sig_allocacmp_tmp_V_664_load         |   9|          2|    1|          2|
    |ap_sig_allocacmp_tmp_V_665_load         |   9|          2|    1|          2|
    |ap_sig_allocacmp_tmp_V_666_load         |   9|          2|    1|          2|
    |ap_sig_allocacmp_tmp_V_667_load         |   9|          2|    1|          2|
    |ap_sig_allocacmp_tmp_V_668_load         |   9|          2|    1|          2|
    |ap_sig_allocacmp_tmp_V_669_load         |   9|          2|    1|          2|
    |ap_sig_allocacmp_tmp_V_670_load         |   9|          2|    1|          2|
    |ap_sig_allocacmp_tmp_V_671_load         |   9|          2|    1|          2|
    |ap_sig_allocacmp_tmp_V_672_load         |   9|          2|    1|          2|
    |ap_sig_allocacmp_tmp_V_673_load         |   9|          2|    1|          2|
    |ap_sig_allocacmp_tmp_V_674_load         |   9|          2|    1|          2|
    |ap_sig_allocacmp_tmp_V_675_load         |   9|          2|    1|          2|
    |ap_sig_allocacmp_tmp_V_676_load         |   9|          2|    1|          2|
    |ap_sig_allocacmp_tmp_V_677_load         |   9|          2|    1|          2|
    |ap_sig_allocacmp_tmp_V_678_load         |   9|          2|    1|          2|
    |ap_sig_allocacmp_tmp_V_679_load         |   9|          2|    1|          2|
    |ap_sig_allocacmp_tmp_V_680_load         |   9|          2|    1|          2|
    |ap_sig_allocacmp_tmp_V_681_load         |   9|          2|    1|          2|
    |ap_sig_allocacmp_tmp_V_682_load         |   9|          2|    1|          2|
    |ap_sig_allocacmp_tmp_V_683_load         |   9|          2|    1|          2|
    |ap_sig_allocacmp_tmp_V_684_load         |   9|          2|    1|          2|
    |ap_sig_allocacmp_tmp_V_685_load         |   9|          2|    1|          2|
    |ap_sig_allocacmp_tmp_V_686_load         |   9|          2|    1|          2|
    |ap_sig_allocacmp_tmp_V_687_load         |   9|          2|    1|          2|
    |ap_sig_allocacmp_tmp_V_688_load         |   9|          2|    1|          2|
    |ap_sig_allocacmp_tmp_V_689_load         |   9|          2|    1|          2|
    |ap_sig_allocacmp_tmp_V_690_load         |   9|          2|    1|          2|
    |ap_sig_allocacmp_tmp_V_691_load         |   9|          2|    1|          2|
    |ap_sig_allocacmp_tmp_V_692_load         |   9|          2|    1|          2|
    |ap_sig_allocacmp_tmp_V_693_load         |   9|          2|    1|          2|
    |ap_sig_allocacmp_tmp_V_694_load         |   9|          2|    1|          2|
    |ap_sig_allocacmp_tmp_V_695_load         |   9|          2|    1|          2|
    |ap_sig_allocacmp_tmp_V_696_load         |   9|          2|    1|          2|
    |ap_sig_allocacmp_tmp_V_697_load         |   9|          2|    1|          2|
    |ap_sig_allocacmp_tmp_V_698_load         |   9|          2|    1|          2|
    |ap_sig_allocacmp_tmp_V_699_load         |   9|          2|    1|          2|
    |ap_sig_allocacmp_tmp_V_700_load         |   9|          2|    1|          2|
    |ap_sig_allocacmp_tmp_V_701_load         |   9|          2|    1|          2|
    |ap_sig_allocacmp_tmp_V_702_load         |   9|          2|    1|          2|
    |ap_sig_allocacmp_tmp_V_703_load         |   9|          2|    1|          2|
    |ap_sig_allocacmp_tmp_V_704_load         |   9|          2|    1|          2|
    |ap_sig_allocacmp_tmp_V_705_load         |   9|          2|    1|          2|
    |ap_sig_allocacmp_tmp_V_706_load         |   9|          2|    1|          2|
    |ap_sig_allocacmp_tmp_V_707_load         |   9|          2|    1|          2|
    |ap_sig_allocacmp_tmp_V_708_load         |   9|          2|    1|          2|
    |ap_sig_allocacmp_tmp_V_709_load         |   9|          2|    1|          2|
    |ap_sig_allocacmp_tmp_V_710_load         |   9|          2|    1|          2|
    |ap_sig_allocacmp_tmp_V_711_load         |   9|          2|    1|          2|
    |ap_sig_allocacmp_tmp_V_712_load         |   9|          2|    1|          2|
    |ap_sig_allocacmp_tmp_V_713_load         |   9|          2|    1|          2|
    |ap_sig_allocacmp_tmp_V_714_load         |   9|          2|    1|          2|
    |ap_sig_allocacmp_tmp_V_715_load         |   9|          2|    1|          2|
    |ap_sig_allocacmp_tmp_V_716_load         |   9|          2|    1|          2|
    |ap_sig_allocacmp_tmp_V_717_load         |   9|          2|    1|          2|
    |ap_sig_allocacmp_tmp_V_718_load         |   9|          2|    1|          2|
    |ap_sig_allocacmp_tmp_V_719_load         |   9|          2|    1|          2|
    |ap_sig_allocacmp_tmp_V_720_load         |   9|          2|    1|          2|
    |ap_sig_allocacmp_tmp_V_721_load         |   9|          2|    1|          2|
    |ap_sig_allocacmp_tmp_V_722_load         |   9|          2|    1|          2|
    |ap_sig_allocacmp_tmp_V_723_load         |   9|          2|    1|          2|
    |ap_sig_allocacmp_tmp_V_724_load         |   9|          2|    1|          2|
    |ap_sig_allocacmp_tmp_V_725_load         |   9|          2|    1|          2|
    |ap_sig_allocacmp_tmp_V_726_load         |   9|          2|    1|          2|
    |ap_sig_allocacmp_tmp_V_727_load         |   9|          2|    1|          2|
    |ap_sig_allocacmp_tmp_V_728_load         |   9|          2|    1|          2|
    |ap_sig_allocacmp_tmp_V_729_load         |   9|          2|    1|          2|
    |ap_sig_allocacmp_tmp_V_730_load         |   9|          2|    1|          2|
    |ap_sig_allocacmp_tmp_V_731_load         |   9|          2|    1|          2|
    |ap_sig_allocacmp_tmp_V_732_load         |   9|          2|    1|          2|
    |ap_sig_allocacmp_tmp_V_733_load         |   9|          2|    1|          2|
    |ap_sig_allocacmp_tmp_V_734_load         |   9|          2|    1|          2|
    |ap_sig_allocacmp_tmp_V_735_load         |   9|          2|    1|          2|
    |ap_sig_allocacmp_tmp_V_736_load         |   9|          2|    1|          2|
    |ap_sig_allocacmp_tmp_V_737_load         |   9|          2|    1|          2|
    |ap_sig_allocacmp_tmp_V_738_load         |   9|          2|    1|          2|
    |ap_sig_allocacmp_tmp_V_739_load         |   9|          2|    1|          2|
    |ap_sig_allocacmp_tmp_V_740_load         |   9|          2|    1|          2|
    |ap_sig_allocacmp_tmp_V_741_load         |   9|          2|    1|          2|
    |ap_sig_allocacmp_tmp_V_742_load         |   9|          2|    1|          2|
    |ap_sig_allocacmp_tmp_V_743_load         |   9|          2|    1|          2|
    |ap_sig_allocacmp_tmp_V_744_load         |   9|          2|    1|          2|
    |ap_sig_allocacmp_tmp_V_745_load         |   9|          2|    1|          2|
    |ap_sig_allocacmp_tmp_V_746_load         |   9|          2|    1|          2|
    |ap_sig_allocacmp_tmp_V_747_load         |   9|          2|    1|          2|
    |ap_sig_allocacmp_tmp_V_748_load         |   9|          2|    1|          2|
    |ap_sig_allocacmp_tmp_V_749_load         |   9|          2|    1|          2|
    |ap_sig_allocacmp_tmp_V_750_load         |   9|          2|    1|          2|
    |ap_sig_allocacmp_tmp_V_751_load         |   9|          2|    1|          2|
    |ap_sig_allocacmp_tmp_V_752_load         |   9|          2|    1|          2|
    |ap_sig_allocacmp_tmp_V_753_load         |   9|          2|    1|          2|
    |ap_sig_allocacmp_tmp_V_754_load         |   9|          2|    1|          2|
    |ap_sig_allocacmp_tmp_V_755_load         |   9|          2|    1|          2|
    |ap_sig_allocacmp_tmp_V_756_load         |   9|          2|    1|          2|
    |ap_sig_allocacmp_tmp_V_757_load         |   9|          2|    1|          2|
    |ap_sig_allocacmp_tmp_V_758_load         |   9|          2|    1|          2|
    |ap_sig_allocacmp_tmp_V_759_load         |   9|          2|    1|          2|
    |ap_sig_allocacmp_tmp_V_760_load         |   9|          2|    1|          2|
    |ap_sig_allocacmp_tmp_V_761_load         |   9|          2|    1|          2|
    |ap_sig_allocacmp_tmp_V_762_load         |   9|          2|    1|          2|
    |ap_sig_allocacmp_tmp_V_763_load         |   9|          2|    1|          2|
    |ap_sig_allocacmp_tmp_V_764_load         |   9|          2|    1|          2|
    |ap_sig_allocacmp_tmp_V_765_load         |   9|          2|    1|          2|
    |ap_sig_allocacmp_tmp_V_766_load         |   9|          2|    1|          2|
    |ap_sig_allocacmp_tmp_V_767_load         |   9|          2|    1|          2|
    |ap_sig_allocacmp_tmp_V_768_load         |   9|          2|    1|          2|
    |ap_sig_allocacmp_tmp_V_769_load         |   9|          2|    1|          2|
    |ap_sig_allocacmp_tmp_V_770_load         |   9|          2|    1|          2|
    |ap_sig_allocacmp_tmp_V_771_load         |   9|          2|    1|          2|
    |ap_sig_allocacmp_tmp_V_772_load         |   9|          2|    1|          2|
    |ap_sig_allocacmp_tmp_V_773_load         |   9|          2|    1|          2|
    |ap_sig_allocacmp_tmp_V_774_load         |   9|          2|    1|          2|
    |ap_sig_allocacmp_tmp_V_775_load         |   9|          2|    1|          2|
    |ap_sig_allocacmp_tmp_V_776_load         |   9|          2|    1|          2|
    |ap_sig_allocacmp_tmp_V_777_load         |   9|          2|    1|          2|
    |ap_sig_allocacmp_tmp_V_778_load         |   9|          2|    1|          2|
    |ap_sig_allocacmp_tmp_V_779_load         |   9|          2|    1|          2|
    |ap_sig_allocacmp_tmp_V_780_load         |   9|          2|    1|          2|
    |ap_sig_allocacmp_tmp_V_781_load         |   9|          2|    1|          2|
    |ap_sig_allocacmp_tmp_V_782_load         |   9|          2|    1|          2|
    |ap_sig_allocacmp_tmp_V_783_load         |   9|          2|    1|          2|
    |ap_sig_allocacmp_tmp_V_784_load         |   9|          2|    1|          2|
    |ap_sig_allocacmp_tmp_V_785_load         |   9|          2|    1|          2|
    |ap_sig_allocacmp_tmp_V_786_load         |   9|          2|    1|          2|
    |ap_sig_allocacmp_tmp_V_787_load         |   9|          2|    1|          2|
    |ap_sig_allocacmp_tmp_V_788_load         |   9|          2|    1|          2|
    |ap_sig_allocacmp_tmp_V_789_load         |   9|          2|    1|          2|
    |ap_sig_allocacmp_tmp_V_790_load         |   9|          2|    1|          2|
    |ap_sig_allocacmp_tmp_V_791_load         |   9|          2|    1|          2|
    |ap_sig_allocacmp_tmp_V_792_load         |   9|          2|    1|          2|
    |ap_sig_allocacmp_tmp_V_793_load         |   9|          2|    1|          2|
    |ap_sig_allocacmp_tmp_V_794_load         |   9|          2|    1|          2|
    |ap_sig_allocacmp_tmp_V_795_load         |   9|          2|    1|          2|
    |ap_sig_allocacmp_tmp_V_796_load         |   9|          2|    1|          2|
    |ap_sig_allocacmp_tmp_V_797_load         |   9|          2|    1|          2|
    |ap_sig_allocacmp_tmp_V_798_load         |   9|          2|    1|          2|
    |ap_sig_allocacmp_tmp_V_799_load         |   9|          2|    1|          2|
    |ap_sig_allocacmp_tmp_V_800_load         |   9|          2|    1|          2|
    |ap_sig_allocacmp_tmp_V_801_load         |   9|          2|    1|          2|
    |ap_sig_allocacmp_tmp_V_802_load         |   9|          2|    1|          2|
    |ap_sig_allocacmp_tmp_V_803_load         |   9|          2|    1|          2|
    |ap_sig_allocacmp_tmp_V_804_load         |   9|          2|    1|          2|
    |ap_sig_allocacmp_tmp_V_805_load         |   9|          2|    1|          2|
    |ap_sig_allocacmp_tmp_V_806_load         |   9|          2|    1|          2|
    |ap_sig_allocacmp_tmp_V_807_load         |   9|          2|    1|          2|
    |ap_sig_allocacmp_tmp_V_808_load         |   9|          2|    1|          2|
    |ap_sig_allocacmp_tmp_V_809_load         |   9|          2|    1|          2|
    |ap_sig_allocacmp_tmp_V_810_load         |   9|          2|    1|          2|
    |ap_sig_allocacmp_tmp_V_811_load         |   9|          2|    1|          2|
    |ap_sig_allocacmp_tmp_V_812_load         |   9|          2|    1|          2|
    |ap_sig_allocacmp_tmp_V_813_load         |   9|          2|    1|          2|
    |ap_sig_allocacmp_tmp_V_814_load         |   9|          2|    1|          2|
    |ap_sig_allocacmp_tmp_V_815_load         |   9|          2|    1|          2|
    |ap_sig_allocacmp_tmp_V_816_load         |   9|          2|    1|          2|
    |ap_sig_allocacmp_tmp_V_817_load         |   9|          2|    1|          2|
    |ap_sig_allocacmp_tmp_V_818_load         |   9|          2|    1|          2|
    |ap_sig_allocacmp_tmp_V_load             |   9|          2|    1|          2|
    |i_0_i_reg_3247                          |   9|          2|   32|         64|
    |in_V_V_blk_n                            |   9|          2|    1|          2|
    |nf_0_i_fu_3164                          |   9|          2|   32|         64|
    |out_V_V_blk_n                           |   9|          2|    1|          2|
    |reps_blk_n                              |   9|          2|    1|          2|
    |reps_out_blk_n                          |   9|          2|    1|          2|
    |sf_7_fu_1112                            |   9|          2|   32|         64|
    |tile_assign_fu_1108                     |  15|          3|   32|         96|
    +----------------------------------------+----+-----------+-----+-----------+
    |Total                                   |4770|       1059|  714|       1462|
    +----------------------------------------+----+-----------+-----+-----------+

    * Register: 
    +----------------------------------------+----+----+-----+-----------+
    |                  Name                  | FF | LUT| Bits| Const Bits|
    +----------------------------------------+----+----+-----+-----------+
    |accu_0_0_V_1_fu_1092                    |  16|   0|   16|          0|
    |accu_0_1_V_1_fu_1096                    |  16|   0|   16|          0|
    |accu_0_2_V_1_fu_1100                    |  16|   0|   16|          0|
    |accu_0_3_V_1_fu_1104                    |  16|   0|   16|          0|
    |ap_CS_fsm                               |   3|   0|    3|          0|
    |ap_done_reg                             |   1|   0|    1|          0|
    |ap_enable_reg_pp0_iter0                 |   1|   0|    1|          0|
    |ap_enable_reg_pp0_iter1                 |   1|   0|    1|          0|
    |ap_enable_reg_pp0_iter2                 |   1|   0|    1|          0|
    |ap_enable_reg_pp0_iter3                 |   1|   0|    1|          0|
    |ap_phi_reg_pp0_iter1_p_Val2_s_reg_3258  |   1|   0|    1|          0|
    |ap_phi_reg_pp0_iter2_p_Val2_s_reg_3258  |   1|   0|    1|          0|
    |i_0_i_reg_3247                          |  32|   0|   32|          0|
    |icmp_ln122_reg_12818                    |   1|   0|    1|          0|
    |icmp_ln125_reg_12827                    |   1|   0|    1|          0|
    |icmp_ln137_reg_15400                    |   1|   0|    1|          0|
    |icmp_ln159_reg_15408                    |   1|   0|    1|          0|
    |inElem_V_3_reg_15418                    |   1|   0|    1|          0|
    |nf_0_i_fu_3164                          |  32|   0|   32|          0|
    |nf_reg_15412                            |  32|   0|   32|          0|
    |sf_7_fu_1112                            |  32|   0|   32|          0|
    |shl_ln122_reg_12813                     |  19|   0|   32|         13|
    |tile_assign_fu_1108                     |  32|   0|   32|          0|
    |tmp_V_308_fu_1120                       |   1|   0|    1|          0|
    |tmp_V_309_fu_1124                       |   1|   0|    1|          0|
    |tmp_V_310_fu_1128                       |   1|   0|    1|          0|
    |tmp_V_311_fu_1132                       |   1|   0|    1|          0|
    |tmp_V_312_fu_1136                       |   1|   0|    1|          0|
    |tmp_V_313_fu_1140                       |   1|   0|    1|          0|
    |tmp_V_314_fu_1144                       |   1|   0|    1|          0|
    |tmp_V_315_fu_1148                       |   1|   0|    1|          0|
    |tmp_V_316_fu_1152                       |   1|   0|    1|          0|
    |tmp_V_317_fu_1156                       |   1|   0|    1|          0|
    |tmp_V_318_fu_1160                       |   1|   0|    1|          0|
    |tmp_V_319_fu_1164                       |   1|   0|    1|          0|
    |tmp_V_320_fu_1168                       |   1|   0|    1|          0|
    |tmp_V_321_fu_1172                       |   1|   0|    1|          0|
    |tmp_V_322_fu_1176                       |   1|   0|    1|          0|
    |tmp_V_323_fu_1180                       |   1|   0|    1|          0|
    |tmp_V_324_fu_1184                       |   1|   0|    1|          0|
    |tmp_V_325_fu_1188                       |   1|   0|    1|          0|
    |tmp_V_326_fu_1192                       |   1|   0|    1|          0|
    |tmp_V_327_fu_1196                       |   1|   0|    1|          0|
    |tmp_V_328_fu_1200                       |   1|   0|    1|          0|
    |tmp_V_329_fu_1204                       |   1|   0|    1|          0|
    |tmp_V_330_fu_1208                       |   1|   0|    1|          0|
    |tmp_V_331_fu_1212                       |   1|   0|    1|          0|
    |tmp_V_332_fu_1216                       |   1|   0|    1|          0|
    |tmp_V_333_fu_1220                       |   1|   0|    1|          0|
    |tmp_V_334_fu_1224                       |   1|   0|    1|          0|
    |tmp_V_335_fu_1228                       |   1|   0|    1|          0|
    |tmp_V_336_fu_1232                       |   1|   0|    1|          0|
    |tmp_V_337_fu_1236                       |   1|   0|    1|          0|
    |tmp_V_338_fu_1240                       |   1|   0|    1|          0|
    |tmp_V_339_fu_1244                       |   1|   0|    1|          0|
    |tmp_V_340_fu_1248                       |   1|   0|    1|          0|
    |tmp_V_341_fu_1252                       |   1|   0|    1|          0|
    |tmp_V_342_fu_1256                       |   1|   0|    1|          0|
    |tmp_V_343_fu_1260                       |   1|   0|    1|          0|
    |tmp_V_344_fu_1264                       |   1|   0|    1|          0|
    |tmp_V_345_fu_1268                       |   1|   0|    1|          0|
    |tmp_V_346_fu_1272                       |   1|   0|    1|          0|
    |tmp_V_347_fu_1276                       |   1|   0|    1|          0|
    |tmp_V_348_fu_1280                       |   1|   0|    1|          0|
    |tmp_V_349_fu_1284                       |   1|   0|    1|          0|
    |tmp_V_350_fu_1288                       |   1|   0|    1|          0|
    |tmp_V_351_fu_1292                       |   1|   0|    1|          0|
    |tmp_V_352_fu_1296                       |   1|   0|    1|          0|
    |tmp_V_353_fu_1300                       |   1|   0|    1|          0|
    |tmp_V_354_fu_1304                       |   1|   0|    1|          0|
    |tmp_V_355_fu_1308                       |   1|   0|    1|          0|
    |tmp_V_356_fu_1312                       |   1|   0|    1|          0|
    |tmp_V_357_fu_1316                       |   1|   0|    1|          0|
    |tmp_V_358_fu_1320                       |   1|   0|    1|          0|
    |tmp_V_359_fu_1324                       |   1|   0|    1|          0|
    |tmp_V_360_fu_1328                       |   1|   0|    1|          0|
    |tmp_V_361_fu_1332                       |   1|   0|    1|          0|
    |tmp_V_362_fu_1336                       |   1|   0|    1|          0|
    |tmp_V_363_fu_1340                       |   1|   0|    1|          0|
    |tmp_V_364_fu_1344                       |   1|   0|    1|          0|
    |tmp_V_365_fu_1348                       |   1|   0|    1|          0|
    |tmp_V_366_fu_1352                       |   1|   0|    1|          0|
    |tmp_V_367_fu_1356                       |   1|   0|    1|          0|
    |tmp_V_368_fu_1360                       |   1|   0|    1|          0|
    |tmp_V_369_fu_1364                       |   1|   0|    1|          0|
    |tmp_V_370_fu_1368                       |   1|   0|    1|          0|
    |tmp_V_371_fu_1372                       |   1|   0|    1|          0|
    |tmp_V_372_fu_1376                       |   1|   0|    1|          0|
    |tmp_V_373_fu_1380                       |   1|   0|    1|          0|
    |tmp_V_374_fu_1384                       |   1|   0|    1|          0|
    |tmp_V_375_fu_1388                       |   1|   0|    1|          0|
    |tmp_V_376_fu_1392                       |   1|   0|    1|          0|
    |tmp_V_377_fu_1396                       |   1|   0|    1|          0|
    |tmp_V_378_fu_1400                       |   1|   0|    1|          0|
    |tmp_V_379_fu_1404                       |   1|   0|    1|          0|
    |tmp_V_380_fu_1408                       |   1|   0|    1|          0|
    |tmp_V_381_fu_1412                       |   1|   0|    1|          0|
    |tmp_V_382_fu_1416                       |   1|   0|    1|          0|
    |tmp_V_383_fu_1420                       |   1|   0|    1|          0|
    |tmp_V_384_fu_1424                       |   1|   0|    1|          0|
    |tmp_V_385_fu_1428                       |   1|   0|    1|          0|
    |tmp_V_386_fu_1432                       |   1|   0|    1|          0|
    |tmp_V_387_fu_1436                       |   1|   0|    1|          0|
    |tmp_V_388_fu_1440                       |   1|   0|    1|          0|
    |tmp_V_389_fu_1444                       |   1|   0|    1|          0|
    |tmp_V_390_fu_1448                       |   1|   0|    1|          0|
    |tmp_V_391_fu_1452                       |   1|   0|    1|          0|
    |tmp_V_392_fu_1456                       |   1|   0|    1|          0|
    |tmp_V_393_fu_1460                       |   1|   0|    1|          0|
    |tmp_V_394_fu_1464                       |   1|   0|    1|          0|
    |tmp_V_395_fu_1468                       |   1|   0|    1|          0|
    |tmp_V_396_fu_1472                       |   1|   0|    1|          0|
    |tmp_V_397_fu_1476                       |   1|   0|    1|          0|
    |tmp_V_398_fu_1480                       |   1|   0|    1|          0|
    |tmp_V_399_fu_1484                       |   1|   0|    1|          0|
    |tmp_V_400_fu_1488                       |   1|   0|    1|          0|
    |tmp_V_401_fu_1492                       |   1|   0|    1|          0|
    |tmp_V_402_fu_1496                       |   1|   0|    1|          0|
    |tmp_V_403_fu_1500                       |   1|   0|    1|          0|
    |tmp_V_404_fu_1504                       |   1|   0|    1|          0|
    |tmp_V_405_fu_1508                       |   1|   0|    1|          0|
    |tmp_V_406_fu_1512                       |   1|   0|    1|          0|
    |tmp_V_407_fu_1516                       |   1|   0|    1|          0|
    |tmp_V_408_fu_1520                       |   1|   0|    1|          0|
    |tmp_V_409_fu_1524                       |   1|   0|    1|          0|
    |tmp_V_410_fu_1528                       |   1|   0|    1|          0|
    |tmp_V_411_fu_1532                       |   1|   0|    1|          0|
    |tmp_V_412_fu_1536                       |   1|   0|    1|          0|
    |tmp_V_413_fu_1540                       |   1|   0|    1|          0|
    |tmp_V_414_fu_1544                       |   1|   0|    1|          0|
    |tmp_V_415_fu_1548                       |   1|   0|    1|          0|
    |tmp_V_416_fu_1552                       |   1|   0|    1|          0|
    |tmp_V_417_fu_1556                       |   1|   0|    1|          0|
    |tmp_V_418_fu_1560                       |   1|   0|    1|          0|
    |tmp_V_419_fu_1564                       |   1|   0|    1|          0|
    |tmp_V_420_fu_1568                       |   1|   0|    1|          0|
    |tmp_V_421_fu_1572                       |   1|   0|    1|          0|
    |tmp_V_422_fu_1576                       |   1|   0|    1|          0|
    |tmp_V_423_fu_1580                       |   1|   0|    1|          0|
    |tmp_V_424_fu_1584                       |   1|   0|    1|          0|
    |tmp_V_425_fu_1588                       |   1|   0|    1|          0|
    |tmp_V_426_fu_1592                       |   1|   0|    1|          0|
    |tmp_V_427_fu_1596                       |   1|   0|    1|          0|
    |tmp_V_428_fu_1600                       |   1|   0|    1|          0|
    |tmp_V_429_fu_1604                       |   1|   0|    1|          0|
    |tmp_V_430_fu_1608                       |   1|   0|    1|          0|
    |tmp_V_431_fu_1612                       |   1|   0|    1|          0|
    |tmp_V_432_fu_1616                       |   1|   0|    1|          0|
    |tmp_V_433_fu_1620                       |   1|   0|    1|          0|
    |tmp_V_434_fu_1624                       |   1|   0|    1|          0|
    |tmp_V_435_fu_1628                       |   1|   0|    1|          0|
    |tmp_V_436_fu_1632                       |   1|   0|    1|          0|
    |tmp_V_437_fu_1636                       |   1|   0|    1|          0|
    |tmp_V_438_fu_1640                       |   1|   0|    1|          0|
    |tmp_V_439_fu_1644                       |   1|   0|    1|          0|
    |tmp_V_440_fu_1648                       |   1|   0|    1|          0|
    |tmp_V_441_fu_1652                       |   1|   0|    1|          0|
    |tmp_V_442_fu_1656                       |   1|   0|    1|          0|
    |tmp_V_443_fu_1660                       |   1|   0|    1|          0|
    |tmp_V_444_fu_1664                       |   1|   0|    1|          0|
    |tmp_V_445_fu_1668                       |   1|   0|    1|          0|
    |tmp_V_446_fu_1672                       |   1|   0|    1|          0|
    |tmp_V_447_fu_1676                       |   1|   0|    1|          0|
    |tmp_V_448_fu_1680                       |   1|   0|    1|          0|
    |tmp_V_449_fu_1684                       |   1|   0|    1|          0|
    |tmp_V_450_fu_1688                       |   1|   0|    1|          0|
    |tmp_V_451_fu_1692                       |   1|   0|    1|          0|
    |tmp_V_452_fu_1696                       |   1|   0|    1|          0|
    |tmp_V_453_fu_1700                       |   1|   0|    1|          0|
    |tmp_V_454_fu_1704                       |   1|   0|    1|          0|
    |tmp_V_455_fu_1708                       |   1|   0|    1|          0|
    |tmp_V_456_fu_1712                       |   1|   0|    1|          0|
    |tmp_V_457_fu_1716                       |   1|   0|    1|          0|
    |tmp_V_458_fu_1720                       |   1|   0|    1|          0|
    |tmp_V_459_fu_1724                       |   1|   0|    1|          0|
    |tmp_V_460_fu_1728                       |   1|   0|    1|          0|
    |tmp_V_461_fu_1732                       |   1|   0|    1|          0|
    |tmp_V_462_fu_1736                       |   1|   0|    1|          0|
    |tmp_V_463_fu_1740                       |   1|   0|    1|          0|
    |tmp_V_464_fu_1744                       |   1|   0|    1|          0|
    |tmp_V_465_fu_1748                       |   1|   0|    1|          0|
    |tmp_V_466_fu_1752                       |   1|   0|    1|          0|
    |tmp_V_467_fu_1756                       |   1|   0|    1|          0|
    |tmp_V_468_fu_1760                       |   1|   0|    1|          0|
    |tmp_V_469_fu_1764                       |   1|   0|    1|          0|
    |tmp_V_470_fu_1768                       |   1|   0|    1|          0|
    |tmp_V_471_fu_1772                       |   1|   0|    1|          0|
    |tmp_V_472_fu_1776                       |   1|   0|    1|          0|
    |tmp_V_473_fu_1780                       |   1|   0|    1|          0|
    |tmp_V_474_fu_1784                       |   1|   0|    1|          0|
    |tmp_V_475_fu_1788                       |   1|   0|    1|          0|
    |tmp_V_476_fu_1792                       |   1|   0|    1|          0|
    |tmp_V_477_fu_1796                       |   1|   0|    1|          0|
    |tmp_V_478_fu_1800                       |   1|   0|    1|          0|
    |tmp_V_479_fu_1804                       |   1|   0|    1|          0|
    |tmp_V_480_fu_1808                       |   1|   0|    1|          0|
    |tmp_V_481_fu_1812                       |   1|   0|    1|          0|
    |tmp_V_482_fu_1816                       |   1|   0|    1|          0|
    |tmp_V_483_fu_1820                       |   1|   0|    1|          0|
    |tmp_V_484_fu_1824                       |   1|   0|    1|          0|
    |tmp_V_485_fu_1828                       |   1|   0|    1|          0|
    |tmp_V_486_fu_1832                       |   1|   0|    1|          0|
    |tmp_V_487_fu_1836                       |   1|   0|    1|          0|
    |tmp_V_488_fu_1840                       |   1|   0|    1|          0|
    |tmp_V_489_fu_1844                       |   1|   0|    1|          0|
    |tmp_V_490_fu_1848                       |   1|   0|    1|          0|
    |tmp_V_491_fu_1852                       |   1|   0|    1|          0|
    |tmp_V_492_fu_1856                       |   1|   0|    1|          0|
    |tmp_V_493_fu_1860                       |   1|   0|    1|          0|
    |tmp_V_494_fu_1864                       |   1|   0|    1|          0|
    |tmp_V_495_fu_1868                       |   1|   0|    1|          0|
    |tmp_V_496_fu_1872                       |   1|   0|    1|          0|
    |tmp_V_497_fu_1876                       |   1|   0|    1|          0|
    |tmp_V_498_fu_1880                       |   1|   0|    1|          0|
    |tmp_V_499_fu_1884                       |   1|   0|    1|          0|
    |tmp_V_500_fu_1888                       |   1|   0|    1|          0|
    |tmp_V_501_fu_1892                       |   1|   0|    1|          0|
    |tmp_V_502_fu_1896                       |   1|   0|    1|          0|
    |tmp_V_503_fu_1900                       |   1|   0|    1|          0|
    |tmp_V_504_fu_1904                       |   1|   0|    1|          0|
    |tmp_V_505_fu_1908                       |   1|   0|    1|          0|
    |tmp_V_506_fu_1912                       |   1|   0|    1|          0|
    |tmp_V_507_fu_1916                       |   1|   0|    1|          0|
    |tmp_V_508_fu_1920                       |   1|   0|    1|          0|
    |tmp_V_509_fu_1924                       |   1|   0|    1|          0|
    |tmp_V_510_fu_1928                       |   1|   0|    1|          0|
    |tmp_V_511_fu_1932                       |   1|   0|    1|          0|
    |tmp_V_512_fu_1936                       |   1|   0|    1|          0|
    |tmp_V_513_fu_1940                       |   1|   0|    1|          0|
    |tmp_V_514_fu_1944                       |   1|   0|    1|          0|
    |tmp_V_515_fu_1948                       |   1|   0|    1|          0|
    |tmp_V_516_fu_1952                       |   1|   0|    1|          0|
    |tmp_V_517_fu_1956                       |   1|   0|    1|          0|
    |tmp_V_518_fu_1960                       |   1|   0|    1|          0|
    |tmp_V_519_fu_1964                       |   1|   0|    1|          0|
    |tmp_V_520_fu_1968                       |   1|   0|    1|          0|
    |tmp_V_521_fu_1972                       |   1|   0|    1|          0|
    |tmp_V_522_fu_1976                       |   1|   0|    1|          0|
    |tmp_V_523_fu_1980                       |   1|   0|    1|          0|
    |tmp_V_524_fu_1984                       |   1|   0|    1|          0|
    |tmp_V_525_fu_1988                       |   1|   0|    1|          0|
    |tmp_V_526_fu_1992                       |   1|   0|    1|          0|
    |tmp_V_527_fu_1996                       |   1|   0|    1|          0|
    |tmp_V_528_fu_2000                       |   1|   0|    1|          0|
    |tmp_V_529_fu_2004                       |   1|   0|    1|          0|
    |tmp_V_530_fu_2008                       |   1|   0|    1|          0|
    |tmp_V_531_fu_2012                       |   1|   0|    1|          0|
    |tmp_V_532_fu_2016                       |   1|   0|    1|          0|
    |tmp_V_533_fu_2020                       |   1|   0|    1|          0|
    |tmp_V_534_fu_2024                       |   1|   0|    1|          0|
    |tmp_V_535_fu_2028                       |   1|   0|    1|          0|
    |tmp_V_536_fu_2032                       |   1|   0|    1|          0|
    |tmp_V_537_fu_2036                       |   1|   0|    1|          0|
    |tmp_V_538_fu_2040                       |   1|   0|    1|          0|
    |tmp_V_539_fu_2044                       |   1|   0|    1|          0|
    |tmp_V_540_fu_2048                       |   1|   0|    1|          0|
    |tmp_V_541_fu_2052                       |   1|   0|    1|          0|
    |tmp_V_542_fu_2056                       |   1|   0|    1|          0|
    |tmp_V_543_fu_2060                       |   1|   0|    1|          0|
    |tmp_V_544_fu_2064                       |   1|   0|    1|          0|
    |tmp_V_545_fu_2068                       |   1|   0|    1|          0|
    |tmp_V_546_fu_2072                       |   1|   0|    1|          0|
    |tmp_V_547_fu_2076                       |   1|   0|    1|          0|
    |tmp_V_548_fu_2080                       |   1|   0|    1|          0|
    |tmp_V_549_fu_2084                       |   1|   0|    1|          0|
    |tmp_V_550_fu_2088                       |   1|   0|    1|          0|
    |tmp_V_551_fu_2092                       |   1|   0|    1|          0|
    |tmp_V_552_fu_2096                       |   1|   0|    1|          0|
    |tmp_V_553_fu_2100                       |   1|   0|    1|          0|
    |tmp_V_554_fu_2104                       |   1|   0|    1|          0|
    |tmp_V_555_fu_2108                       |   1|   0|    1|          0|
    |tmp_V_556_fu_2112                       |   1|   0|    1|          0|
    |tmp_V_557_fu_2116                       |   1|   0|    1|          0|
    |tmp_V_558_fu_2120                       |   1|   0|    1|          0|
    |tmp_V_559_fu_2124                       |   1|   0|    1|          0|
    |tmp_V_560_fu_2128                       |   1|   0|    1|          0|
    |tmp_V_561_fu_2132                       |   1|   0|    1|          0|
    |tmp_V_562_fu_2136                       |   1|   0|    1|          0|
    |tmp_V_563_fu_2140                       |   1|   0|    1|          0|
    |tmp_V_564_fu_2144                       |   1|   0|    1|          0|
    |tmp_V_565_fu_2148                       |   1|   0|    1|          0|
    |tmp_V_566_fu_2152                       |   1|   0|    1|          0|
    |tmp_V_567_fu_2156                       |   1|   0|    1|          0|
    |tmp_V_568_fu_2160                       |   1|   0|    1|          0|
    |tmp_V_569_fu_2164                       |   1|   0|    1|          0|
    |tmp_V_570_fu_2168                       |   1|   0|    1|          0|
    |tmp_V_571_fu_2172                       |   1|   0|    1|          0|
    |tmp_V_572_fu_2176                       |   1|   0|    1|          0|
    |tmp_V_573_fu_2180                       |   1|   0|    1|          0|
    |tmp_V_574_fu_2184                       |   1|   0|    1|          0|
    |tmp_V_575_fu_2188                       |   1|   0|    1|          0|
    |tmp_V_576_fu_2192                       |   1|   0|    1|          0|
    |tmp_V_577_fu_2196                       |   1|   0|    1|          0|
    |tmp_V_578_fu_2200                       |   1|   0|    1|          0|
    |tmp_V_579_fu_2204                       |   1|   0|    1|          0|
    |tmp_V_580_fu_2208                       |   1|   0|    1|          0|
    |tmp_V_581_fu_2212                       |   1|   0|    1|          0|
    |tmp_V_582_fu_2216                       |   1|   0|    1|          0|
    |tmp_V_583_fu_2220                       |   1|   0|    1|          0|
    |tmp_V_584_fu_2224                       |   1|   0|    1|          0|
    |tmp_V_585_fu_2228                       |   1|   0|    1|          0|
    |tmp_V_586_fu_2232                       |   1|   0|    1|          0|
    |tmp_V_587_fu_2236                       |   1|   0|    1|          0|
    |tmp_V_588_fu_2240                       |   1|   0|    1|          0|
    |tmp_V_589_fu_2244                       |   1|   0|    1|          0|
    |tmp_V_590_fu_2248                       |   1|   0|    1|          0|
    |tmp_V_591_fu_2252                       |   1|   0|    1|          0|
    |tmp_V_592_fu_2256                       |   1|   0|    1|          0|
    |tmp_V_593_fu_2260                       |   1|   0|    1|          0|
    |tmp_V_594_fu_2264                       |   1|   0|    1|          0|
    |tmp_V_595_fu_2268                       |   1|   0|    1|          0|
    |tmp_V_596_fu_2272                       |   1|   0|    1|          0|
    |tmp_V_597_fu_2276                       |   1|   0|    1|          0|
    |tmp_V_598_fu_2280                       |   1|   0|    1|          0|
    |tmp_V_599_fu_2284                       |   1|   0|    1|          0|
    |tmp_V_600_fu_2288                       |   1|   0|    1|          0|
    |tmp_V_601_fu_2292                       |   1|   0|    1|          0|
    |tmp_V_602_fu_2296                       |   1|   0|    1|          0|
    |tmp_V_603_fu_2300                       |   1|   0|    1|          0|
    |tmp_V_604_fu_2304                       |   1|   0|    1|          0|
    |tmp_V_605_fu_2308                       |   1|   0|    1|          0|
    |tmp_V_606_fu_2312                       |   1|   0|    1|          0|
    |tmp_V_607_fu_2316                       |   1|   0|    1|          0|
    |tmp_V_608_fu_2320                       |   1|   0|    1|          0|
    |tmp_V_609_fu_2324                       |   1|   0|    1|          0|
    |tmp_V_610_fu_2328                       |   1|   0|    1|          0|
    |tmp_V_611_fu_2332                       |   1|   0|    1|          0|
    |tmp_V_612_fu_2336                       |   1|   0|    1|          0|
    |tmp_V_613_fu_2340                       |   1|   0|    1|          0|
    |tmp_V_614_fu_2344                       |   1|   0|    1|          0|
    |tmp_V_615_fu_2348                       |   1|   0|    1|          0|
    |tmp_V_616_fu_2352                       |   1|   0|    1|          0|
    |tmp_V_617_fu_2356                       |   1|   0|    1|          0|
    |tmp_V_618_fu_2360                       |   1|   0|    1|          0|
    |tmp_V_619_fu_2364                       |   1|   0|    1|          0|
    |tmp_V_620_fu_2368                       |   1|   0|    1|          0|
    |tmp_V_621_fu_2372                       |   1|   0|    1|          0|
    |tmp_V_622_fu_2376                       |   1|   0|    1|          0|
    |tmp_V_623_fu_2380                       |   1|   0|    1|          0|
    |tmp_V_624_fu_2384                       |   1|   0|    1|          0|
    |tmp_V_625_fu_2388                       |   1|   0|    1|          0|
    |tmp_V_626_fu_2392                       |   1|   0|    1|          0|
    |tmp_V_627_fu_2396                       |   1|   0|    1|          0|
    |tmp_V_628_fu_2400                       |   1|   0|    1|          0|
    |tmp_V_629_fu_2404                       |   1|   0|    1|          0|
    |tmp_V_630_fu_2408                       |   1|   0|    1|          0|
    |tmp_V_631_fu_2412                       |   1|   0|    1|          0|
    |tmp_V_632_fu_2416                       |   1|   0|    1|          0|
    |tmp_V_633_fu_2420                       |   1|   0|    1|          0|
    |tmp_V_634_fu_2424                       |   1|   0|    1|          0|
    |tmp_V_635_fu_2428                       |   1|   0|    1|          0|
    |tmp_V_636_fu_2432                       |   1|   0|    1|          0|
    |tmp_V_637_fu_2436                       |   1|   0|    1|          0|
    |tmp_V_638_fu_2440                       |   1|   0|    1|          0|
    |tmp_V_639_fu_2444                       |   1|   0|    1|          0|
    |tmp_V_640_fu_2448                       |   1|   0|    1|          0|
    |tmp_V_641_fu_2452                       |   1|   0|    1|          0|
    |tmp_V_642_fu_2456                       |   1|   0|    1|          0|
    |tmp_V_643_fu_2460                       |   1|   0|    1|          0|
    |tmp_V_644_fu_2464                       |   1|   0|    1|          0|
    |tmp_V_645_fu_2468                       |   1|   0|    1|          0|
    |tmp_V_646_fu_2472                       |   1|   0|    1|          0|
    |tmp_V_647_fu_2476                       |   1|   0|    1|          0|
    |tmp_V_648_fu_2480                       |   1|   0|    1|          0|
    |tmp_V_649_fu_2484                       |   1|   0|    1|          0|
    |tmp_V_650_fu_2488                       |   1|   0|    1|          0|
    |tmp_V_651_fu_2492                       |   1|   0|    1|          0|
    |tmp_V_652_fu_2496                       |   1|   0|    1|          0|
    |tmp_V_653_fu_2500                       |   1|   0|    1|          0|
    |tmp_V_654_fu_2504                       |   1|   0|    1|          0|
    |tmp_V_655_fu_2508                       |   1|   0|    1|          0|
    |tmp_V_656_fu_2512                       |   1|   0|    1|          0|
    |tmp_V_657_fu_2516                       |   1|   0|    1|          0|
    |tmp_V_658_fu_2520                       |   1|   0|    1|          0|
    |tmp_V_659_fu_2524                       |   1|   0|    1|          0|
    |tmp_V_660_fu_2528                       |   1|   0|    1|          0|
    |tmp_V_661_fu_2532                       |   1|   0|    1|          0|
    |tmp_V_662_fu_2536                       |   1|   0|    1|          0|
    |tmp_V_663_fu_2540                       |   1|   0|    1|          0|
    |tmp_V_664_fu_2544                       |   1|   0|    1|          0|
    |tmp_V_665_fu_2548                       |   1|   0|    1|          0|
    |tmp_V_666_fu_2552                       |   1|   0|    1|          0|
    |tmp_V_667_fu_2556                       |   1|   0|    1|          0|
    |tmp_V_668_fu_2560                       |   1|   0|    1|          0|
    |tmp_V_669_fu_2564                       |   1|   0|    1|          0|
    |tmp_V_670_fu_2568                       |   1|   0|    1|          0|
    |tmp_V_671_fu_2572                       |   1|   0|    1|          0|
    |tmp_V_672_fu_2576                       |   1|   0|    1|          0|
    |tmp_V_673_fu_2580                       |   1|   0|    1|          0|
    |tmp_V_674_fu_2584                       |   1|   0|    1|          0|
    |tmp_V_675_fu_2588                       |   1|   0|    1|          0|
    |tmp_V_676_fu_2592                       |   1|   0|    1|          0|
    |tmp_V_677_fu_2596                       |   1|   0|    1|          0|
    |tmp_V_678_fu_2600                       |   1|   0|    1|          0|
    |tmp_V_679_fu_2604                       |   1|   0|    1|          0|
    |tmp_V_680_fu_2608                       |   1|   0|    1|          0|
    |tmp_V_681_fu_2612                       |   1|   0|    1|          0|
    |tmp_V_682_fu_2616                       |   1|   0|    1|          0|
    |tmp_V_683_fu_2620                       |   1|   0|    1|          0|
    |tmp_V_684_fu_2624                       |   1|   0|    1|          0|
    |tmp_V_685_fu_2628                       |   1|   0|    1|          0|
    |tmp_V_686_fu_2632                       |   1|   0|    1|          0|
    |tmp_V_687_fu_2636                       |   1|   0|    1|          0|
    |tmp_V_688_fu_2640                       |   1|   0|    1|          0|
    |tmp_V_689_fu_2644                       |   1|   0|    1|          0|
    |tmp_V_690_fu_2648                       |   1|   0|    1|          0|
    |tmp_V_691_fu_2652                       |   1|   0|    1|          0|
    |tmp_V_692_fu_2656                       |   1|   0|    1|          0|
    |tmp_V_693_fu_2660                       |   1|   0|    1|          0|
    |tmp_V_694_fu_2664                       |   1|   0|    1|          0|
    |tmp_V_695_fu_2668                       |   1|   0|    1|          0|
    |tmp_V_696_fu_2672                       |   1|   0|    1|          0|
    |tmp_V_697_fu_2676                       |   1|   0|    1|          0|
    |tmp_V_698_fu_2680                       |   1|   0|    1|          0|
    |tmp_V_699_fu_2684                       |   1|   0|    1|          0|
    |tmp_V_700_fu_2688                       |   1|   0|    1|          0|
    |tmp_V_701_fu_2692                       |   1|   0|    1|          0|
    |tmp_V_702_fu_2696                       |   1|   0|    1|          0|
    |tmp_V_703_fu_2700                       |   1|   0|    1|          0|
    |tmp_V_704_fu_2704                       |   1|   0|    1|          0|
    |tmp_V_705_fu_2708                       |   1|   0|    1|          0|
    |tmp_V_706_fu_2712                       |   1|   0|    1|          0|
    |tmp_V_707_fu_2716                       |   1|   0|    1|          0|
    |tmp_V_708_fu_2720                       |   1|   0|    1|          0|
    |tmp_V_709_fu_2724                       |   1|   0|    1|          0|
    |tmp_V_710_fu_2728                       |   1|   0|    1|          0|
    |tmp_V_711_fu_2732                       |   1|   0|    1|          0|
    |tmp_V_712_fu_2736                       |   1|   0|    1|          0|
    |tmp_V_713_fu_2740                       |   1|   0|    1|          0|
    |tmp_V_714_fu_2744                       |   1|   0|    1|          0|
    |tmp_V_715_fu_2748                       |   1|   0|    1|          0|
    |tmp_V_716_fu_2752                       |   1|   0|    1|          0|
    |tmp_V_717_fu_2756                       |   1|   0|    1|          0|
    |tmp_V_718_fu_2760                       |   1|   0|    1|          0|
    |tmp_V_719_fu_2764                       |   1|   0|    1|          0|
    |tmp_V_720_fu_2768                       |   1|   0|    1|          0|
    |tmp_V_721_fu_2772                       |   1|   0|    1|          0|
    |tmp_V_722_fu_2776                       |   1|   0|    1|          0|
    |tmp_V_723_fu_2780                       |   1|   0|    1|          0|
    |tmp_V_724_fu_2784                       |   1|   0|    1|          0|
    |tmp_V_725_fu_2788                       |   1|   0|    1|          0|
    |tmp_V_726_fu_2792                       |   1|   0|    1|          0|
    |tmp_V_727_fu_2796                       |   1|   0|    1|          0|
    |tmp_V_728_fu_2800                       |   1|   0|    1|          0|
    |tmp_V_729_fu_2804                       |   1|   0|    1|          0|
    |tmp_V_730_fu_2808                       |   1|   0|    1|          0|
    |tmp_V_731_fu_2812                       |   1|   0|    1|          0|
    |tmp_V_732_fu_2816                       |   1|   0|    1|          0|
    |tmp_V_733_fu_2820                       |   1|   0|    1|          0|
    |tmp_V_734_fu_2824                       |   1|   0|    1|          0|
    |tmp_V_735_fu_2828                       |   1|   0|    1|          0|
    |tmp_V_736_fu_2832                       |   1|   0|    1|          0|
    |tmp_V_737_fu_2836                       |   1|   0|    1|          0|
    |tmp_V_738_fu_2840                       |   1|   0|    1|          0|
    |tmp_V_739_fu_2844                       |   1|   0|    1|          0|
    |tmp_V_740_fu_2848                       |   1|   0|    1|          0|
    |tmp_V_741_fu_2852                       |   1|   0|    1|          0|
    |tmp_V_742_fu_2856                       |   1|   0|    1|          0|
    |tmp_V_743_fu_2860                       |   1|   0|    1|          0|
    |tmp_V_744_fu_2864                       |   1|   0|    1|          0|
    |tmp_V_745_fu_2868                       |   1|   0|    1|          0|
    |tmp_V_746_fu_2872                       |   1|   0|    1|          0|
    |tmp_V_747_fu_2876                       |   1|   0|    1|          0|
    |tmp_V_748_fu_2880                       |   1|   0|    1|          0|
    |tmp_V_749_fu_2884                       |   1|   0|    1|          0|
    |tmp_V_750_fu_2888                       |   1|   0|    1|          0|
    |tmp_V_751_fu_2892                       |   1|   0|    1|          0|
    |tmp_V_752_fu_2896                       |   1|   0|    1|          0|
    |tmp_V_753_fu_2900                       |   1|   0|    1|          0|
    |tmp_V_754_fu_2904                       |   1|   0|    1|          0|
    |tmp_V_755_fu_2908                       |   1|   0|    1|          0|
    |tmp_V_756_fu_2912                       |   1|   0|    1|          0|
    |tmp_V_757_fu_2916                       |   1|   0|    1|          0|
    |tmp_V_758_fu_2920                       |   1|   0|    1|          0|
    |tmp_V_759_fu_2924                       |   1|   0|    1|          0|
    |tmp_V_760_fu_2928                       |   1|   0|    1|          0|
    |tmp_V_761_fu_2932                       |   1|   0|    1|          0|
    |tmp_V_762_fu_2936                       |   1|   0|    1|          0|
    |tmp_V_763_fu_2940                       |   1|   0|    1|          0|
    |tmp_V_764_fu_2944                       |   1|   0|    1|          0|
    |tmp_V_765_fu_2948                       |   1|   0|    1|          0|
    |tmp_V_766_fu_2952                       |   1|   0|    1|          0|
    |tmp_V_767_fu_2956                       |   1|   0|    1|          0|
    |tmp_V_768_fu_2960                       |   1|   0|    1|          0|
    |tmp_V_769_fu_2964                       |   1|   0|    1|          0|
    |tmp_V_770_fu_2968                       |   1|   0|    1|          0|
    |tmp_V_771_fu_2972                       |   1|   0|    1|          0|
    |tmp_V_772_fu_2976                       |   1|   0|    1|          0|
    |tmp_V_773_fu_2980                       |   1|   0|    1|          0|
    |tmp_V_774_fu_2984                       |   1|   0|    1|          0|
    |tmp_V_775_fu_2988                       |   1|   0|    1|          0|
    |tmp_V_776_fu_2992                       |   1|   0|    1|          0|
    |tmp_V_777_fu_2996                       |   1|   0|    1|          0|
    |tmp_V_778_fu_3000                       |   1|   0|    1|          0|
    |tmp_V_779_fu_3004                       |   1|   0|    1|          0|
    |tmp_V_780_fu_3008                       |   1|   0|    1|          0|
    |tmp_V_781_fu_3012                       |   1|   0|    1|          0|
    |tmp_V_782_fu_3016                       |   1|   0|    1|          0|
    |tmp_V_783_fu_3020                       |   1|   0|    1|          0|
    |tmp_V_784_fu_3024                       |   1|   0|    1|          0|
    |tmp_V_785_fu_3028                       |   1|   0|    1|          0|
    |tmp_V_786_fu_3032                       |   1|   0|    1|          0|
    |tmp_V_787_fu_3036                       |   1|   0|    1|          0|
    |tmp_V_788_fu_3040                       |   1|   0|    1|          0|
    |tmp_V_789_fu_3044                       |   1|   0|    1|          0|
    |tmp_V_790_fu_3048                       |   1|   0|    1|          0|
    |tmp_V_791_fu_3052                       |   1|   0|    1|          0|
    |tmp_V_792_fu_3056                       |   1|   0|    1|          0|
    |tmp_V_793_fu_3060                       |   1|   0|    1|          0|
    |tmp_V_794_fu_3064                       |   1|   0|    1|          0|
    |tmp_V_795_fu_3068                       |   1|   0|    1|          0|
    |tmp_V_796_fu_3072                       |   1|   0|    1|          0|
    |tmp_V_797_fu_3076                       |   1|   0|    1|          0|
    |tmp_V_798_fu_3080                       |   1|   0|    1|          0|
    |tmp_V_799_fu_3084                       |   1|   0|    1|          0|
    |tmp_V_800_fu_3088                       |   1|   0|    1|          0|
    |tmp_V_801_fu_3092                       |   1|   0|    1|          0|
    |tmp_V_802_fu_3096                       |   1|   0|    1|          0|
    |tmp_V_803_fu_3100                       |   1|   0|    1|          0|
    |tmp_V_804_fu_3104                       |   1|   0|    1|          0|
    |tmp_V_805_fu_3108                       |   1|   0|    1|          0|
    |tmp_V_806_fu_3112                       |   1|   0|    1|          0|
    |tmp_V_807_fu_3116                       |   1|   0|    1|          0|
    |tmp_V_808_fu_3120                       |   1|   0|    1|          0|
    |tmp_V_809_fu_3124                       |   1|   0|    1|          0|
    |tmp_V_810_fu_3128                       |   1|   0|    1|          0|
    |tmp_V_811_fu_3132                       |   1|   0|    1|          0|
    |tmp_V_812_fu_3136                       |   1|   0|    1|          0|
    |tmp_V_813_fu_3140                       |   1|   0|    1|          0|
    |tmp_V_814_fu_3144                       |   1|   0|    1|          0|
    |tmp_V_815_fu_3148                       |   1|   0|    1|          0|
    |tmp_V_816_fu_3152                       |   1|   0|    1|          0|
    |tmp_V_817_fu_3156                       |   1|   0|    1|          0|
    |tmp_V_818_fu_3160                       |   1|   0|    1|          0|
    |tmp_V_fu_1116                           |   1|   0|    1|          0|
    |trunc_ln321_reg_15396                   |   9|   0|    9|          0|
    |xor_ln879_1364_reg_15959                |   1|   0|    1|          0|
    |xor_ln879_1365_reg_15964                |   1|   0|    1|          0|
    |xor_ln879_1366_reg_15969                |   1|   0|    1|          0|
    |xor_ln879_1367_reg_15974                |   1|   0|    1|          0|
    |icmp_ln122_reg_12818                    |  64|  32|    1|          0|
    |icmp_ln125_reg_12827                    |  64|  32|    1|          0|
    |icmp_ln137_reg_15400                    |  64|  32|    1|          0|
    |icmp_ln159_reg_15408                    |  64|  32|    1|          0|
    +----------------------------------------+----+----+-----+-----------+
    |Total                                   |1039| 128|  800|         13|
    +----------------------------------------+----+----+-----+-----------+



================================================================
== Interface
================================================================
* Summary: 
+---------------------------------+-----+-----+------------+------------------------+--------------+
|            RTL Ports            | Dir | Bits|  Protocol  |      Source Object     |    C Type    |
+---------------------------------+-----+-----+------------+------------------------+--------------+
|ap_clk                           |  in |    1| ap_ctrl_hs | Matrix_Vector_Activa.2 | return value |
|ap_rst                           |  in |    1| ap_ctrl_hs | Matrix_Vector_Activa.2 | return value |
|ap_start                         |  in |    1| ap_ctrl_hs | Matrix_Vector_Activa.2 | return value |
|ap_done                          | out |    1| ap_ctrl_hs | Matrix_Vector_Activa.2 | return value |
|ap_continue                      |  in |    1| ap_ctrl_hs | Matrix_Vector_Activa.2 | return value |
|ap_idle                          | out |    1| ap_ctrl_hs | Matrix_Vector_Activa.2 | return value |
|ap_ready                         | out |    1| ap_ctrl_hs | Matrix_Vector_Activa.2 | return value |
|in_V_V_dout                      |  in |    1|   ap_fifo  |         in_V_V         |    pointer   |
|in_V_V_empty_n                   |  in |    1|   ap_fifo  |         in_V_V         |    pointer   |
|in_V_V_read                      | out |    1|   ap_fifo  |         in_V_V         |    pointer   |
|out_V_V_din                      | out |   64|   ap_fifo  |         out_V_V        |    pointer   |
|out_V_V_full_n                   |  in |    1|   ap_fifo  |         out_V_V        |    pointer   |
|out_V_V_write                    | out |    1|   ap_fifo  |         out_V_V        |    pointer   |
|reps_dout                        |  in |   32|   ap_fifo  |          reps          |    pointer   |
|reps_empty_n                     |  in |    1|   ap_fifo  |          reps          |    pointer   |
|reps_read                        | out |    1|   ap_fifo  |          reps          |    pointer   |
|reps_out_din                     | out |   32|   ap_fifo  |        reps_out        |    pointer   |
|reps_out_full_n                  |  in |    1|   ap_fifo  |        reps_out        |    pointer   |
|reps_out_write                   | out |    1|   ap_fifo  |        reps_out        |    pointer   |
|weights8_m_weights_V_address0    | out |   13|  ap_memory |  weights8_m_weights_V  |     array    |
|weights8_m_weights_V_ce0         | out |    1|  ap_memory |  weights8_m_weights_V  |     array    |
|weights8_m_weights_V_q0          |  in |    1|  ap_memory |  weights8_m_weights_V  |     array    |
|weights8_m_weights_V_1_address0  | out |   13|  ap_memory | weights8_m_weights_V_1 |     array    |
|weights8_m_weights_V_1_ce0       | out |    1|  ap_memory | weights8_m_weights_V_1 |     array    |
|weights8_m_weights_V_1_q0        |  in |    1|  ap_memory | weights8_m_weights_V_1 |     array    |
|weights8_m_weights_V_2_address0  | out |   13|  ap_memory | weights8_m_weights_V_2 |     array    |
|weights8_m_weights_V_2_ce0       | out |    1|  ap_memory | weights8_m_weights_V_2 |     array    |
|weights8_m_weights_V_2_q0        |  in |    1|  ap_memory | weights8_m_weights_V_2 |     array    |
|weights8_m_weights_V_3_address0  | out |   13|  ap_memory | weights8_m_weights_V_3 |     array    |
|weights8_m_weights_V_3_ce0       | out |    1|  ap_memory | weights8_m_weights_V_3 |     array    |
|weights8_m_weights_V_3_q0        |  in |    1|  ap_memory | weights8_m_weights_V_3 |     array    |
+---------------------------------+-----+-----+------------+------------------------+--------------+

